$RUN,97516,1,30
=========================================
[ACK] START OK | Mode: SAE STANDARDS COMPLIANT | Duration: 30 seconds
[ACK] Active Signals: 1 | Active PGNs: 1
=========================================
$TX,3000,97536,0CF00400,FFFFFF0000FFFFFF,Q
$TX,3001,97556,0CF00400,FFFFFF0000FFFFFF,Q
$TX,3002,97576,0CF00400,FFFFFF0000FFFFFF,Q
$TX,3003,97596,0CF00400,FFFFFF0000FFFFFF,Q
$TX,3004,97616,0CF00400,FFFFFF0000FFFFFF,Q
$TX,3005,97636,0CF00400,FFFFFF0000FFFFFF,Q
$TX,3006,97656,0CF00400,FFFFFF0000FFFFFF,Q
$TX,3007,97676,0CF00400,FFFFFF0000FFFFFF,Q
$FX,3008,97696,0CF00400,FFFFFF0000FFFFFF,Q
$TX,3009,97716,0CF00400,FFFFFF0000FFFFFF,Q
$TX,3010,97736,0CF00400,FFFFFF0000FFFFFF,Q
$TX,3011,97756,0CF00400,FFFFFF0000FFFFFF,Q
$TX,3012,97776,0CF00400,FFFFFF0000FFFFFF,Q
$TX,3013,97796,0CF00400,FFFFFF0000FFFFFF,Q
$FX,3014,97816,0CF00400,FFFFFF0000FFFFFF,Q
$TX,3015,97836,0CF00400,FFFFFF0000FFFFFF,Q
$TX,3016,97856,0CF00400,FFFFFF0000FFFFFF,Q
$TX,3017,97876,0CF00400,FFFFFF0000FFFFFF,Q
$TX,3018,97896,0CF00400,FFFFFF0000FFFFFF,Q
$TX,3019,97916,0CF00400,FFFFFF0000FFFFFF,Q
$KX,3020,97936,0CF00400,FFFFFF0000FFFFFF,Q
$TX,3021,97956,0CF00400,FFFFFF0000FFFFFF,Q
$TX,3022,97976,0CF00400,FFFFFF0000FFFFFF,Q
$TX,3023,97996,0CF00400,FFFFFF0000FFFFFF,Q
$TX,3024,98016,0CF00400,FFFFFF0000FFFFFF,Q
$TX,3025,98036,0CF00400,FFFFFF0000FFFFFF,Q
$TX,3026,98056,0CF00400,FFFFFF0000FFFFFF,Q
$TX,3027,98076,0CF00400,FFFFFF0000FFFFFF,Q
$TX,3028,98096,0CF00400,FFFFFF0000FFFFFF,Q
$TX,3029,98116,0CF00400,FFFFFF0000FFFFFF,Q
$TX,3030,98136,0CF00400,FFFFFF0000FFFFFF,Q
$TX,3031,98156,0CF00400,FFFFFF0000FFFFFF,Q
$TX,3032,98176,0CF00400,FFFFFF0000FFFFFF,Q
$TX,3033,98196,0CF00400,FFFFFF0000FFFFFF,Q
$TX,3034,98216,0CF00400,FFFFFF0000FFFFFF,Q
$TX,3035,98236,0CF00400,FFFFFF0000FFFFFF,Q
$TX,3036,98256,0CF00400,FFFFFF0000FFFFFF,Q
$TX,3037,98276,0CF00400,FFFFFF0000FFFFFF,Q
$TX,3038,98296,0CF00400,FFFFFF0000FFFFFF,Q
$0X,3039,98316,0CF00400,FFFFFF0000FFFFFF,Q
$TX,3040,98336,0CF00400,FFFFFF0000FFFFFF,Q
$TX,3041,98356,0CF00400,FFFFFF0000FFFFFF,Q
$TX,3042,98376,0CF00400,FFFFFF0000FFFFFF,Q
$TX,3043,98396,0CF00400,FFFFFF0000FFFFFF,Q
$TX,3044,98416,0CF00400,FFFFFF0000FFFFFF,Q
$0X,3045,98436,0CF00400,FFFFFF0000FFFFFF,Q
$TX,3046,98456,0CF00400,FFFFFF0000FFFFFF,Q
$TX,3047,98476,0CF00400,FFFFFF0000FFFFFF,Q
$TX,3048,98496,0CF00400,FFFFFF0000FFFFFF,Q
$TX,3049,98516,0CF00400,FFFFFF0000FFFFFF,Q
$TX,3050,98536,0CF00400,FFFFFF0000FFFFFF,Q
$TX,3051,98556,0CF00400,FFFFFF0000FFFFFF,Q
$TX,3052,98576,0CF00400,FFFFFF0000FFFFFF,Q
$TX,3053,98596,0CF00400,FFFFFF0000FFFFFF,Q
$TX,3054,98616,0CF00400,FFFFFF0000FFFFFF,Q
$TX,3055,98636,0CF00400,FFFFFF0000FFFFFF,Q
$TX,3056,98656,0CF00400,FFFFFF0000FFFFFF,Q
$TX,3057,98676,0CF00400,FFFFFF0000FFFFFF,Q
$TX,3058,98696,0CF00400,FFFFFF0000FFFFFF,Q
$TX,3059,98716,0CF00400,FFFFFF0000FFFFFF,Q
$TX,3060,98736,0CF00400,FFFFFF0000FFFFFF,Q
$TX,3061,98756,0CF00400,FFFFFF0000FFFFFF,Q
$TX,3062,98776,0CF00400,FFFFFF0000FFFFFF,Q
$TX,3063,98796,0CF00400,FFFFFF0000FFFFFF,Q
$0X,3064,98816,0CF00400,FFFFFF0000FFFFFF,Q
$TX,3065,98836,0CF00400,FFFFFF0000FFFFFF,Q
$TX,3066,98856,0CF00400,FFFFFF0000FFFFFF,Q
$TX,3067,98876,0CF00400,FFFFFF0000FFFFFF,Q
$TX,3068,98896,0CF00400,FFFFFF0000FFFFFF,Q
$TX,3069,98916,0CF00400,FFFFFF0000FFFFFF,Q
$0X,3070,98936,0CF00400,FFFFFF0000FFFFFF,Q
$TX,3071,98956,0CF00400,FFFFFF0000FFFFFF,Q
$TX,3072,98976,0CF00400,FFFFFF0000FFFFFF,Q
$TX,3073,98996,0CF00400,FFFFFF0000FFFFFF,Q
$TX,3074,99016,0CF00400,FFFFFF0000FFFFFF,Q
$TX,3075,99036,0CF00400,FFFFFF0000FFFFFF,Q
$TX,3076,99056,0CF00400,FFFFFF0000FFFFFF,Q
$TX,3077,99076,0CF00400,FFFFFF0000FFFFFF,Q
$TX,3078,99096,0CF00400,FFFFFF0000FFFFFF,Q
$TX,3079,99116,0CF00400,FFFFFF0000FFFFFF,Q
$TX,3080,99136,0CF00400,FFFFFF0000FFFFFF,Q
$TX,3081,99156,0CF00400,FFFFFF0000FFFFFF,Q
$TX,3082,99176,0CF00400,FFFFFF0000FFFFFF,Q
$TX,3083,99196,0CF00400,FFFFFF0000FFFFFF,Q
$TX,3084,99216,0CF00400,FFFFFF0000FFFFFF,Q
$TX,3085,99236,0CF00400,FFFFFF0000FFFFFF,Q
$TX,3086,99256,0CF00400,FFFFFF0000FFFFFF,Q
$TX,3087,99276,0CF00400,FFFFFF0000FFFFFF,Q
$TX,3088,99296,0CF00400,FFFFFF0000FFFFFF,Q
$0X,3089,99316,0CF00400,FFFFFF0000FFFFFF,Q
$TX,3090,99336,0CF00400,FFFFFF0000FFFFFF,Q
$TX,3091,99356,0CF00400,FFFFFF0000FFFFFF,Q
$TX,3092,99376,0CF00400,FFFFFF0000FFFFFF,Q
$TX,3093,99396,0CF00400,FFFFFF0000FFFFFF,Q
$TX,3094,99416,0CF00400,FFFFFF0000FFFFFF,Q
$0X,3095,99436,0CF00400,FFFFFF0000FFFFFF,Q
$TX,3096,99456,0CF00400,FFFFFF0000FFFFFF,Q
$TX,3097,99476,0CF00400,FFFFFF0000FFFFFF,Q
$TX,3098,99496,0CF00400,FFFFFF0000FFFFFF,Q
$TX,3099,99516,0CF00400,FFFFFF0000FFFFFF,Q
$TX,3100,99536,0CF00400,FFFFFF0000FFFFFF,Q
$TX,3101,99556,0CF00400,FFFFFF0000FFFFFF,Q
$TX,3102,99576,0CF00400,FFFFFF0000FFFFFF,Q
$TX,3103,99596,0CF00400,FFFFFF0000FFFFFF,Q
$TX,3104,99616,0CF00400,FFFFFF0000FFFFFF,Q
$TX,3105,99636,0CF00400,FFFFFF0000FFFFFF,Q
$TX,3106,99656,0CF00400,FFFFFF0000FFFFFF,Q
$TX,3107,99676,0CF00400,FFFFFF0000FFFFFF,Q
$TX,3108,99696,0CF00400,FFFFFF0000FFFFFF,Q
$TX,3109,99716,0CF00400,FFFFFF0000FFFFFF,Q
$TX,3110,99736,0CF00400,FFFFFF0000FFFFFF,Q
$TX,3111,99756,0CF00400,FFFFFF0000FFFFFF,Q
$TX,3112,99776,0CF00400,FFFFFF0000FFFFFF,Q
$TX,3113,99796,0CF00400,FFFFFF0000FFFFFF,Q
$TX,3114,99816,0CF00400,FFFFFF0000FFFFFF,Q
$TX,3115,99836,0CF00400,FFFFFF0000FFFFFF,Q
$TX,3116,99856,0CF00400,FFFFFF0000FFFFFF,Q
$TX,3117,99876,0CF00400,FFFFFF0000FFFFFF,Q
$TX,3118,99896,0CF00400,FFFFFF0000FFFFFF,Q
$TX,3119,99916,0CF00400,FFFFFF0000FFFFFF,Q
$TX,3120,99936,0CF00400,FFFFFF0000FFFFFF,Q
$TX,3121,99956,0CF00400,FFFFFF0000FFFFFF,Q
$TX,3122,99976,0CF00400,FFFFFF0000FFFFFF,Q
$TX,3123,99996,0CF00400,FFFFFF0000FFFFFF,Q
$TX,3124,100016,0CF00400,FFFFFF0000FFFFFF,Q
$TX,3125,100036,0CF00400,FFFFFF0000FFFFFF,Q
$TX,3126,100056,0CF00400,FFFFFF0000FFFFFF,Q
$TX,3127,100076,0CF00400,FFFFFF0000FFFFFF,Q
$TX,3128,100096,0CF00400,FFFFFF0000FFFFFF,Q
$TX,3129,100116,0CF00400,FFFFFF0000FFFFFF,Q
$TX,3130,100136,0CF00400,FFFFFF0000FFFFFF,Q
$TX,3131,100156,0CF00400,FFFFFF0000FFFFFF,Q
$TX,3132,100176,0CF00400,FFFFFF0000FFFFFF,Q
$TX,3133,100196,0CF00400,FFFFFF0000FFFFFF,Q
$TX,3134,100216,0CF00400,FFFFFF0000FFFFFF,Q
$TX,3135,100236,0CF00400,FFFFFF0000FFFFFF,Q
$TX,3136,100256,0CF00400,FFFFFF0000FFFFFF,Q
$TX,3137,100276,0CF00400,FFFFFF0000FFFFFF,Q
$TX,3138,100296,0CF00400,FFFFFF0000FFFFFF,Q
$TX,3139,100316,0CF00400,FFFFFF0000FFFFFF,Q
$TX,3140,100336,0CF00400,FFFFFF0000FFFFFF,Q
$TX,3141,100356,0CF00400,FFFFFF0000FFFFFF,Q
$TX,3142,100376,0CF00400,FFFFFF0000FFFFFF,Q
$TX,3143,100396,0CF00400,FFFFFF0000FFFFFF,Q
$TX,3144,100416,0CF00400,FFFFFF0000FFFFFF,Q
$TX,3145,100436,0CF00400,FFFFFF0000FFFFFF,Q
$TX,3146,100456,0CF00400,FFFFFF0000FFFFFF,Q
$TX,3147,100476,0CF00400,FFFFFF0000FFFFFF,Q
$TX,3148,100496,0CF00400,FFFFFF0000FFFFFF,Q
$TX,3149,100516,0CF00400,FFFFFF0000FFFFFF,Q
$TX,3150,100536,0CF00400,FFFFFF0000FFFFFF,Q
$TX,3151,100556,0CF00400,FFFFFF0000FFFFFF,Q
$TX,3152,100576,0CF00400,FFFFFF0000FFFFFF,Q
$TX,3153,100596,0CF00400,FFFFFF0000FFFFFF,Q
$TX,3154,100616,0CF00400,FFFFFF0000FFFFFF,Q
$TX,3155,100636,0CF00400,FFFFFF0000FFFFFF,Q
$TX,3156,100656,0CF00400,FFFFFF0000FFFFFF,Q
$TX,3157,100676,0CF00400,FFFFFF0000FFFFFF,Q
$TX,3158,100696,0CF00400,FFFFFF0000FFFFFF,Q
$TX,3159,100716,0CF00400,FFFFFF0000FFFFFF,Q
$TX,3160,100736,0CF00400,FFFFFF0000FFFFFF,Q
$TX,3161,100756,0CF00400,FFFFFF0000FFFFFF,Q
$TX,3162,100776,0CF00400,FFFFFF0000FFFFFF,Q
$TX,3163,100796,0CF00400,FFFFFF0000FFFFFF,Q
$TX,3164,100816,0CF00400,FFFFFF0000FFFFFF,Q
$TX,3165,100836,0CF00400,FFFFFF0000FFFFFF,Q
$TX,3166,100856,0CF00400,FFFFFF0000FFFFFF,Q
$TX,3167,100876,0CF00400,FFFFFF0000FFFFFF,Q
$TX,3168,100896,0CF00400,FFFFFF0000FFFFFF,Q
$TX,3169,100916,0CF00400,FFFFFF0000FFFFFF,Q
$TX,3170,100936,0CF00400,FFFFFF0000FFFFFF,Q
$TX,3171,100956,0CF00400,FFFFFF0000FFFFFF,Q
$TX,3172,100976,0CF00400,FFFFFF0000FFFFFF,Q
$TX,3173,100996,0CF00400,FFFFFF0000FFFFFF,Q
$TX,3174,101016,0CF00400,FFFFFF0000FFFFFF,Q
$TX,3175,101036,0CF00400,FFFFFF0000FFFFFF,Q
$TX,3176,101056,0CF00400,FFFFFF0000FFFFFF,Q
$TX,3177,101076,0CF00400,FFFFFF0000FFFFFF,Q
$TX,3178,101096,0CF00400,FFFFFF0000FFFFFF,Q
$TX,3179,101116,0CF00400,FFFFFF0000FFFFFF,Q
$TX,3180,101136,0CF00400,FFFFFF0000FFFFFF,Q
$TX,3181,101156,0CF00400,FFFFFF0000FFFFFF,Q
$TX,3182,101176,0CF00400,FFFFFF0000FFFFFF,Q
$TX,3183,101196,0CF00400,FFFFFF0000FFFFFF,Q
$TX,3184,101216,0CF00400,FFFFFF0000FFFFFF,Q
$TX,3185,101236,0CF00400,FFFFFF0000FFFFFF,Q
$TX,3186,101256,0CF00400,FFFFFF0000FFFFFF,Q
$TX,3187,101276,0CF00400,FFFFFF0000FFFFFF,Q
$TX,3188,101296,0CF00400,FFFFFF0000FFFFFF,Q
$TX,3189,101316,0CF00400,FFFFFF0000FFFFFF,Q
$TX,3190,101336,0CF00400,FFFFFF0000FFFFFF,Q
$TX,3191,101356,0CF00400,FFFFFF0000FFFFFF,Q
$TX,3192,101376,0CF00400,FFFFFF0000FFFFFF,Q
$TX,3193,101396,0CF00400,FFFFFF0000FFFFFF,Q
$TX,3194,101416,0CF00400,FFFFFF0000FFFFFF,Q
$TX,3195,101436,0CF00400,FFFFFF0000FFFFFF,Q
$TX,3196,101456,0CF00400,FFFFFF0000FFFFFF,Q
$TX,3197,101476,0CF00400,FFFFFF0000FFFFFF,Q
$TX,3198,101496,0CF00400,FFFFFF0000FFFFFF,Q
$TX,3199,101516,0CF00400,FFFFFF0000FFFFFF,Q
$TX,3200,101536,0CF00400,FFFFFF0000FFFFFF,Q
$TX,3201,101556,0CF00400,FFFFFF0000FFFFFF,Q
$TX,3202,101576,0CF00400,FFFFFF0000FFFFFF,Q
$TX,3203,101596,0CF00400,FFFFFF0000FFFFFF,Q
$TX,3204,101616,0CF00400,FFFFFF0000FFFFFF,Q
$TX,3205,101636,0CF00400,FFFFFF0000FFFFFF,Q
$TX,3206,101656,0CF00400,FFFFFF0000FFFFFF,Q
$TX,3207,101676,0CF00400,FFFFFF0000FFFFFF,Q
$TX,3208,101696,0CF00400,FFFFFF0000FFFFFF,Q
$TX,3209,101716,0CF00400,FFFFFF0000FFFFFF,Q
$TX,3210,101736,0CF00400,FFFFFF0000FFFFFF,Q
$TX,3211,101756,0CF00400,FFFFFF0000FFFFFF,Q
$TX,3212,101776,0CF00400,FFFFFF0000FFFFFF,Q
$TX,3213,101796,0CF00400,FFFFFF0000FFFFFF,Q
$TX,3214,101816,0CF00400,FFFFFF0000FFFFFF,Q
$TX,3215,101836,0CF00400,FFFFFF0000FFFFFF,Q
$TX,3216,101856,0CF00400,FFFFFF0000FFFFFF,Q
$TX,3217,101876,0CF00400,FFFFFF0000FFFFFF,Q
$TX,3218,101896,0CF00400,FFFFFF0000FFFFFF,Q
$TX,3219,101916,0CF00400,FFFFFF0000FFFFFF,Q
$TX,3220,101936,0CF00400,FFFFFF0000FFFFFF,Q
$TX,3221,101956,0CF00400,FFFFFF0000FFFFFF,Q
$TX,3222,101976,0CF00400,FFFFFF0000FFFFFF,Q
$TX,3223,101996,0CF00400,FFFFFF0000FFFFFF,Q
$TX,3224,102016,0CF00400,FFFFFF0000FFFFFF,Q
$TX,3225,102036,0CF00400,FFFFFF0000FFFFFF,Q
$TX,3226,102056,0CF00400,FFFFFF0000FFFFFF,Q
$TX,3227,102076,0CF00400,FFFFFF0000FFFFFF,Q
$TX,3228,102096,0CF00400,FFFFFF0000FFFFFF,Q
$TX,3229,102116,0CF00400,FFFFFF0000FFFFFF,Q
$TX,3230,102136,0CF00400,FFFFFF0000FFFFFF,Q
$TX,3231,102156,0CF00400,FFFFFF0000FFFFFF,Q
$TX,3232,102176,0CF00400,FFFFFF0000FFFFFF,Q
$TX,3233,102196,0CF00400,FFFFFF0000FFFFFF,Q
$TX,3234,102216,0CF00400,FFFFFF0000FFFFFF,Q
$TX,3235,102236,0CF00400,FFFFFF0000FFFFFF,Q
$TX,3236,102256,0CF00400,FFFFFF0000FFFFFF,Q
$TX,3237,102276,0CF00400,FFFFFF0000FFFFFF,Q
$TX,3238,102296,0CF00400,FFFFFF0000FFFFFF,Q
$TX,3239,102316,0CF00400,FFFFFF0000FFFFFF,Q
$TX,3240,102336,0CF00400,FFFFFF0000FFFFFF,Q
$TX,3241,102356,0CF00400,FFFFFF0000FFFFFF,Q
$TX,3242,102376,0CF00400,FFFFFF0000FFFFFF,Q
$TX,3243,102396,0CF00400,FFFFFF0000FFFFFF,Q
$TX,3244,102416,0CF00400,FFFFFF0000FFFFFF,Q
$TX,3245,102436,0CF00400,FFFFFF0000FFFFFF,Q
$TX,3246,102456,0CF00400,FFFFFF0000FFFFFF,Q
$TX,3247,102476,0CF00400,FFFFFF0000FFFFFF,Q
$TX,3248,102496,0CF00400,FFFFFF0000FFFFFF,Q
$TX,3249,102516,0CF00400,FFFFFFB036FFFFFF,Q
$TX,3250,102536,0CF00400,FFFFFF8C37FFFFFF,Q
$TX,3251,102556,0CF00400,FFFFFF6838FFFFFF,Q
$TX,3252,102576,0CF00400,FFFFFF4339FFFFFF,Q
$TX,3253,102596,0CF00400,FFFFFF1F3AFFFFFF,Q
$TX,3254,102616,0CF00400,FFFFFFFA3AFFFFFF,Q
$TX,3255,102636,0CF00400,FFFFFFD63BFFFFFF,Q
$TX,3256,102656,0CF00400,FFFFFFB03CFFFFFF,Q
$TX,3257,102676,0CF00400,FFFFFF8B3DFFFFFF,Q
$TX,3258,102696,0CF00400,FFFFFF653EFFFFFF,Q
$TX,3259,102716,0CF00400,FFFFFF3E3FFFFFFF,Q
$TX,3260,102736,0CF00400,FFFFFF1740FFFFFF,Q
$TX,3261,102756,0CF00400,FFFFFFEF40FFFFFF,Q
$TX,3262,102776,0CF00400,FFFFFFC741FFFFFF,Q
$TX,3263,102796,0CF00400,FFFFFF9E42FFFFFF,Q
$TX,3264,102816,0CF00400,FFFFFF7443FFFFFF,Q
$TX,3265,102836,0CF00400,FFFFFF4A44FFFFFF,Q
$TX,3266,102856,0CF00400,FFFFFF1E45FFFFFF,Q
$TX,3267,102876,0CF00400,FFFFFFF245FFFFFF,Q
$TX,3268,102896,0CF00400,FFFFFFC546FFFFFF,Q
$TX,3269,102916,0CF00400,FFFFFF9647FFFFFF,Q
$TX,3270,102936,0CF00400,FFFFFF6748FFFFFF,Q
$TX,3271,102956,0CF00400,FFFFFF3649FFFFFF,Q
$TX,3272,102976,0CF00400,FFFFFF054AFFFFFF,Q
$TX,3273,102996,0CF00400,FFFFFFD24AFFFFFF,Q
$TX,3274,103016,0CF00400,FFFFFF9E4BFFFFFF,Q
$TX,3275,103036,0CF00400,FFFFFF684CFFFFFF,Q
$TX,3276,103056,0CF00400,FFFFFF314DFFFFFF,Q
$TX,3277,103076,0CF00400,FFFFFFF94DFFFFFF,Q
$TX,3278,103096,0CF00400,FFFFFFBF4EFFFFFF,Q
$TX,3279,103116,0CF00400,FFFFFF844FFFFFFF,Q
$TX,3280,103136,0CF00400,FFFFFF4750FFFFFF,Q
$TX,3281,103156,0CF00400,FFFFFF0951FFFFFF,Q
$TX,3282,103176,0CF00400,FFFFFFC851FFFFFF,Q
$TX,3283,103196,0CF00400,FFFFFF8752FFFFFF,Q
$TX,3284,103216,0CF00400,FFFFFF4353FFFFFF,Q
$TX,3285,103236,0CF00400,FFFFFFFE53FFFFFF,Q
$TX,3286,103256,0CF00400,FFFFFFB654FFFFFF,Q
$TX,3287,103276,0CF00400,FFFFFF6D55FFFFFF,Q
$TX,3288,103296,0CF00400,FFFFFF2256FFFFFF,Q
$TX,3289,103316,0CF00400,FFFFFFD556FFFFFF,Q
$TX,3290,103336,0CF00400,FFFFFF8657FFFFFF,Q
$TX,3291,103356,0CF00400,FFFFFF3558FFFFFF,Q
$TX,3292,103376,0CF00400,FFFFFFE158FFFFFF,Q
$TX,3293,103396,0CF00400,FFFFFF8C59FFFFFF,Q
$TX,3294,103416,0CF00400,FFFFFF345AFFFFFF,Q
$TX,3295,103436,0CF00400,FFFFFFDA5AFFFFFF,Q
$TX,3296,103456,0CF00400,FFFFFF7E5BFFFFFF,Q
$TX,3297,103476,0CF00400,FFFFFF205CFFFFFF,Q
$TX,3298,103496,0CF00400,FFFFFFBF5CFFFFFF,Q
$TX,3299,103516,0CF00400,FFFFFF5B5DFFFFFF,Q
$TX,3300,103536,0CF00400,FFFFFFF65DFFFFFF,Q
$TX,3301,103556,0CF00400,FFFFFF8E5EFFFFFF,Q
$TX,3302,103576,0CF00400,FFFFFF235FFFFFFF,Q
$TX,3303,103596,0CF00400,FFFFFFB65FFFFFFF,Q
$TX,3304,103616,0CF00400,FFFFFF4660FFFFFF,Q
$TX,3305,103636,0CF00400,FFFFFFD360FFFFFF,Q
$TX,3306,103656,0CF00400,FFFFFF5E61FFFFFF,Q
$TX,3307,103676,0CF00400,FFFFFFE661FFFFFF,Q
$TX,3308,103696,0CF00400,FFFFFF6C62FFFFFF,Q
$TX,3309,103716,0CF00400,FFFFFFEE62FFFFFF,Q
$TX,3310,103736,0CF00400,FFFFFF6E63FFFFFF,Q
$TX,3311,103756,0CF00400,FFFFFFEB63FFFFFF,Q
$TX,3312,103776,0CF00400,FFFFFF6564FFFFFF,Q
$TX,3313,103796,0CF00400,FFFFFFDD64FFFFFF,Q
$TX,3314,103816,0CF00400,FFFFFF5165FFFFFF,Q
$TX,3315,103836,0CF00400,FFFFFFC265FFFFFF,Q
$TX,3316,103856,0CF00400,FFFFFF3166FFFFFF,Q
$TX,3317,103876,0CF00400,FFFFFF9C66FFFFFF,Q
$TX,3318,103896,0CF00400,FFFFFF0567FFFFFF,Q
$TX,3319,103916,0CF00400,FFFFFF6A67FFFFFF,Q
$TX,3320,103936,0CF00400,FFFFFFCC67FFFFFF,Q
$TX,3321,103956,0CF00400,FFFFFF2C68FFFFFF,Q
$TX,3322,103976,0CF00400,FFFFFF8868FFFFFF,Q
$TX,3323,103996,0CF00400,FFFFFFE168FFFFFF,Q
$TX,3324,104016,0CF00400,FFFFFF3669FFFFFF,Q
$TX,3325,104036,0CF00400,FFFFFF8969FFFFFF,Q
$TX,3326,104056,0CF00400,FFFFFFD869FFFFFF,Q
$TX,3327,104076,0CF00400,FFFFFF246AFFFFFF,Q
$TX,3328,104096,0CF00400,FFFFFF6D6AFFFFFF,Q
$TX,3329,104116,0CF00400,FFFFFFB36AFFFFFF,Q
$TX,3330,104136,0CF00400,FFFFFFF56AFFFFFF,Q
$TX,3331,104156,0CF00400,FFFFFF346BFFFFFF,Q
$TX,3332,104176,0CF00400,FFFFFF706BFFFFFF,Q
$TX,3333,104196,0CF00400,FFFFFFA86BFFFFFF,Q
$TX,3334,104216,0CF00400,FFFFFFDD6BFFFFFF,Q
$TX,3335,104236,0CF00400,FFFFFF0F6CFFFFFF,Q
$TX,3336,104256,0CF00400,FFFFFF3D6CFFFFFF,Q
$TX,3337,104276,0CF00400,FFFFFF686CFFFFFF,Q
$TX,3338,104296,0CF00400,FFFFFF906CFFFFFF,Q
$TX,3339,104316,0CF00400,FFFFFFB46CFFFFFF,Q
$TX,3340,104336,0CF00400,FFFFFFD46CFFFFFF,Q
$TX,3341,104356,0CF00400,FFFFFFF26CFFFFFF,Q
$TX,3342,104376,0CF00400,FFFFFF0B6DFFFFFF,Q
$TX,3343,104396,0CF00400,FFFFFF226DFFFFFF,Q
$TX,3344,104416,0CF00400,FFFFFF356DFFFFFF,Q
$TX,3345,104436,0CF00400,FFFFFF446DFFFFFF,Q
$TX,3346,104456,0CF00400,FFFFFF506DFFFFFF,Q
$TX,3347,104476,0CF00400,FFFFFF596DFFFFFF,Q
$TX,3348,104496,0CF00400,FFFFFF5E6DFFFFFF,Q
$TX,3349,104516,0CF00400,FFFFFF606DFFFFFF,Q
$TX,3350,104536,0CF00400,FFFFFF5E6DFFFFFF,Q
$TX,3351,104556,0CF00400,FFFFFF596DFFFFFF,Q
$TX,3352,104576,0CF00400,FFFFFF506DFFFFFF,Q
$TX,3353,104596,0CF00400,FFFFFF446DFFFFFF,Q
$TX,3354,104616,0CF00400,FFFFFF356DFFFFFF,Q
$TX,3355,104636,0CF00400,FFFFFF226DFFFFFF,Q
$TX,3356,104656,0CF00400,FFFFFF0B6DFFFFFF,Q
$TX,3357,104676,0CF00400,FFFFFFF26CFFFFFF,Q
$TX,3358,104696,0CF00400,FFFFFFD46CFFFFFF,Q
$TX,3359,104716,0CF00400,FFFFFFB46CFFFFFF,Q
$TX,3360,104736,0CF00400,FFFFFF906CFFFFFF,Q
$2X,3361,104756,0CF00400,FFFFFF686CFFFFFF,Q
$TX,3362,104776,0CF00400,FFFFFF3D6CFFFFFF,Q
$TX,3363,104796,0CF00400,FFFFFF0F6CFFFFFF,Q
$TX,3364,104816,0CF00400,FFFFFFDD6BFFFFFF,Q
$TX,3365,104836,0CF00400,FFFFFFA86BFFFFFF,Q
$TX,3366,104856,0CF00400,FFFFFF706BFFFFFF,Q
$TX,3367,104876,0CF00400,FFFFFF346BFFFFFF,Q
$TX,3368,104896,0CF00400,FFFFFFF56AFFFFFF,Q
$TX,3369,104916,0CF00400,FFFFFFB36AFFFFFF,Q
$TX,3370,104936,0CF00400,FFFFFF6D6AFFFFFF,Q
$TX,3371,104956,0CF00400,FFFFFF246AFFFFFF,Q
$TX,3372,104976,0CF00400,FFFFFFD869FFFFFF,Q
$TX,3373,104996,0CF00400,FFFFFF8969FFFFFF,Q
$TX,3374,105016,0CF00400,FFFFFF3669FFFFFF,Q
$TX,3375,105036,0CF00400,FFFFFFE168FFFFFF,Q
$TX,3376,105056,0CF00400,FFFFFF8868FFFFFF,Q
$TX,3377,105076,0CF00400,FFFFFF2C68FFFFFF,Q
$TX,3378,105096,0CF00400,FFFFFFCC67FFFFFF,Q
$TX,3379,105116,0CF00400,FFFFFF6A67FFFFFF,Q
$TX,3380,105136,0CF00400,FFFFFF0567FFFFFF,Q
$TX,3381,105156,0CF00400,FFFFFF9C66FFFFFF,Q
$TX,3382,105176,0CF00400,FFFFFF3166FFFFFF,Q
$TX,3383,105196,0CF00400,FFFFFFC265FFFFFF,Q
$TX,3384,105216,0CF00400,FFFFFF5165FFFFFF,Q
$TX,3385,105236,0CF00400,FFFFFFDD64FFFFFF,Q
$TX,3386,105256,0CF00400,FFFFFF6564FFFFFF,Q
$TX,3387,105276,0CF00400,FFFFFFEB63FFFFFF,Q
$TX,3388,105296,0CF00400,FFFFFF6E63FFFFFF,Q
$TX,3389,105316,0CF00400,FFFFFFEE62FFFFFF,Q
$TX,3390,105336,0CF00400,FFFFFF6C62FFFFFF,Q
$TX,3391,105356,0CF00400,FFFFFFE661FFFFFF,Q
$TX,3392,105376,0CF00400,FFFFFF5E61FFFFFF,Q
$TX,3393,105396,0CF00400,FFFFFFD360FFFFFF,Q
$TX,3394,105416,0CF00400,FFFFFF4660FFFFFF,Q
$TX,3395,105436,0CF00400,FFFFFFB65FFFFFFF,Q
$TX,3396,105456,0CF00400,FFFFFF235FFFFFFF,Q
$TX,3397,105476,0CF00400,FFFFFF8E5EFFFFFF,Q
$TX,3398,105496,0CF00400,FFFFFFF65DFFFFFF,Q
$TX,3399,105516,0CF00400,FFFFFF5B5DFFFFFF,Q
$TX,3400,105536,0CF00400,FFFFFFBF5CFFFFFF,Q
$TX,3401,105556,0CF00400,FFFFFF205CFFFFFF,Q
$TX,3402,105576,0CF00400,FFFFFF7E5BFFFFFF,Q
$TX,3403,105596,0CF00400,FFFFFFDA5AFFFFFF,Q
$TX,3404,105616,0CF00400,FFFFFF345AFFFFFF,Q
$TX,3405,105636,0CF00400,FFFFFF8C59FFFFFF,Q
$TX,3406,105656,0CF00400,FFFFFFE158FFFFFF,Q
$TX,3407,105676,0CF00400,FFFFFF3558FFFFFF,Q
$TX,3408,105696,0CF00400,FFFFFF8657FFFFFF,Q
$TX,3409,105716,0CF00400,FFFFFFD556FFFFFF,Q
$TX,3410,105736,0CF00400,FFFFFF2256FFFFFF,Q
$TX,3411,105756,0CF00400,FFFFFF6D55FFFFFF,Q
$TX,3412,105776,0CF00400,FFFFFFB654FFFFFF,Q
$TX,3413,105796,0CF00400,FFFFFFFE53FFFFFF,Q
$TX,3414,105816,0CF00400,FFFFFF4353FFFFFF,Q
$TX,3415,105836,0CF00400,FFFFFF8752FFFFFF,Q
$TX,3416,105856,0CF00400,FFFFFFC851FFFFFF,Q
$TX,3417,105876,0CF00400,FFFFFF0951FFFFFF,Q
$TX,3418,105896,0CF00400,FFFFFF4750FFFFFF,Q
$TX,3419,105916,0CF00400,FFFFFF844FFFFFFF,Q
$TX,3420,105936,0CF00400,FFFFFFBF4EFFFFFF,Q
$TX,3421,105956,0CF00400,FFFFFFF94DFFFFFF,Q
$TX,3422,105976,0CF00400,FFFFFF314DFFFFFF,Q
$TX,3423,105996,0CF00400,FFFFFF684CFFFFFF,Q
$TX,3424,106016,0CF00400,FFFFFF9E4BFFFFFF,Q
$TX,3425,106036,0CF00400,FFFFFFD24AFFFFFF,Q
$TX,3426,106056,0CF00400,FFFFFF054AFFFFFF,Q
$TX,3427,106076,0CF00400,FFFFFF3649FFFFFF,Q
$TX,3428,106096,0CF00400,FFFFFF6748FFFFFF,Q
$TX,3429,106116,0CF00400,FFFFFF9647FFFFFF,Q
$TX,3430,106136,0CF00400,FFFFFFC546FFFFFF,Q
$TX,3431,106156,0CF00400,FFFFFFF245FFFFFF,Q
$TX,3432,106176,0CF00400,FFFFFF1E45FFFFFF,Q
$TX,3433,106196,0CF00400,FFFFFF4A44FFFFFF,Q
$TX,3434,106216,0CF00400,FFFFFF7443FFFFFF,Q
$TX,3435,106236,0CF00400,FFFFFF9E42FFFFFF,Q
$TX,3436,106256,0CF00400,FFFFFFC741FFFFFF,Q
$TX,3437,106276,0CF00400,FFFFFFEF40FFFFFF,Q
$TX,3438,106296,0CF00400,FFFFFF1740FFFFFF,Q
$TX,3439,106316,0CF00400,FFFFFF3E3FFFFFFF,Q
$TX,3440,106336,0CF00400,FFFFFF653EFFFFFF,Q
$TX,3441,106356,0CF00400,FFFFFF8B3DFFFFFF,Q
$TX,3442,106376,0CF00400,FFFFFFB03CFFFFFF,Q
$TX,3443,106396,0CF00400,FFFFFFD63BFFFFFF,Q
$TX,3444,106416,0CF00400,FFFFFFFA3AFFFFFF,Q
$TX,3445,106436,0CF00400,FFFFFF1F3AFFFFFF,Q
$TX,3446,106456,0CF00400,FFFFFF4339FFFFFF,Q
$TX,3447,106476,0CF00400,FFFFFF6838FFFFFF,Q
$TX,3448,106496,0CF00400,FFFFFF8C37FFFFFF,Q
$TX,3449,106516,0CF00400,FFFFFFB036FFFFFF,Q
$TX,3450,106536,0CF00400,FFFFFFD435FFFFFF,Q
$TX,3451,106556,0CF00400,FFFFFFF834FFFFFF,Q
$TX,3452,106576,0CF00400,FFFFFF1D34FFFFFF,Q
$TX,3453,106596,0CF00400,FFFFFF4133FFFFFF,Q
$TX,3454,106616,0CF00400,FFFFFF6632FFFFFF,Q
$TX,3455,106636,0CF00400,FFFFFF8A31FFFFFF,Q
$TX,3456,106656,0CF00400,FFFFFFB030FFFFFF,Q
$TX,3457,106676,0CF00400,FFFFFFD52FFFFFFF,Q
$TX,3458,106696,0CF00400,FFFFFFFB2EFFFFFF,Q
$TX,3459,106716,0CF00400,FFFFFF222EFFFFFF,Q
$TX,3460,106736,0CF00400,FFFFFF492DFFFFFF,Q
$TX,3461,106756,0CF00400,FFFFFF712CFFFFFF,Q
$TX,3462,106776,0CF00400,FFFFFF992BFFFFFF,Q
$TX,3463,106796,0CF00400,FFFFFFC22AFFFFFF,Q
$TX,3464,106816,0CF00400,FFFFFFEC29FFFFFF,Q
$TX,3465,106836,0CF00400,FFFFFF1629FFFFFF,Q
$TX,3466,106856,0CF00400,FFFFFF4228FFFFFF,Q
$TX,3467,106876,0CF00400,FFFFFF6E27FFFFFF,Q
$TX,3468,106896,0CF00400,FFFFFF9B26FFFFFF,Q
$TX,3469,106916,0CF00400,FFFFFFCA25FFFFFF,Q
$TX,3470,106936,0CF00400,FFFFFFF924FFFFFF,Q
$TX,3471,106956,0CF00400,FFFFFF2A24FFFFFF,Q
$TX,3472,106976,0CF00400,FFFFFF5B23FFFFFF,Q
$TX,3473,106996,0CF00400,FFFFFF8E22FFFFFF,Q
$TX,3474,107016,0CF00400,FFFFFFC221FFFFFF,Q
$TX,3475,107036,0CF00400,FFFFFFF820FFFFFF,Q
$TX,3476,107056,0CF00400,FFFFFF2F20FFFFFF,Q
$TX,3477,107076,0CF00400,FFFFFF671FFFFFFF,Q
$TX,3478,107096,0CF00400,FFFFFFA11EFFFFFF,Q
$TX,3479,107116,0CF00400,FFFFFFDC1DFFFFFF,Q
$TX,3480,107136,0CF00400,FFFFFF191DFFFFFF,Q
$TX,3481,107156,0CF00400,FFFFFF571CFFFFFF,Q
$TX,3482,107176,0CF00400,FFFFFF981BFFFFFF,Q
$TX,3483,107196,0CF00400,FFFFFFD91AFFFFFF,Q
$TX,3484,107216,0CF00400,FFFFFF1D1AFFFFFF,Q
$TX,3485,107236,0CF00400,FFFFFF6219FFFFFF,Q
$TX,3486,107256,0CF00400,FFFFFFAA18FFFFFF,Q
$TX,3487,107276,0CF00400,FFFFFFF317FFFFFF,Q
$TX,3488,107296,0CF00400,FFFFFF3E17FFFFFF,Q
$TX,3489,107316,0CF00400,FFFFFF8B16FFFFFF,Q
$TX,3490,107336,0CF00400,FFFFFFDA15FFFFFF,Q
$TX,3491,107356,0CF00400,FFFFFF2B15FFFFFF,Q
$TX,3492,107376,0CF00400,FFFFFF7F14FFFFFF,Q
$TX,3493,107396,0CF00400,FFFFFFD413FFFFFF,Q
$TX,3494,107416,0CF00400,FFFFFF2C13FFFFFF,Q
$TX,3495,107436,0CF00400,FFFFFF8612FFFFFF,Q
$TX,3496,107456,0CF00400,FFFFFFE211FFFFFF,Q
$TX,3497,107476,0CF00400,FFFFFF4011FFFFFF,Q
$TX,3498,107496,0CF00400,FFFFFFA110FFFFFF,Q
$TX,3499,107516,0CF00400,FFFFFF0510FFFFFF,Q
$TX,3500,107536,0CF00400,FFFFFF6A0FFFFFFF,Q
$TX,3501,107556,0CF00400,FFFFFFD20EFFFFFF,Q
$TX,3502,107576,0CF00400,FFFFFF3D0EFFFFFF,Q
$TX,3503,107596,0CF00400,FFFFFFAA0DFFFFFF,Q
$TX,3504,107616,0CF00400,FFFFFF1A0DFFFFFF,Q
$TX,3505,107636,0CF00400,FFFFFF8D0CFFFFFF,Q
$TX,3506,107656,0CF00400,FFFFFF020CFFFFFF,Q
$TX,3507,107676,0CF00400,FFFFFF7A0BFFFFFF,Q
$TX,3508,107696,0CF00400,FFFFFFF40AFFFFFF,Q
$TX,3509,107716,0CF00400,FFFFFF720AFFFFFF,Q
$TX,3510,107736,0CF00400,FFFFFFF209FFFFFF,Q
$TX,3511,107756,0CF00400,FFFFFF7509FFFFFF,Q
$TX,3512,107776,0CF00400,FFFFFFFB08FFFFFF,Q
$TX,3513,107796,0CF00400,FFFFFF8308FFFFFF,Q
$TX,3514,107816,0CF00400,FFFFFF0F08FFFFFF,Q
$TX,3515,107836,0CF00400,FFFFFF9E07FFFFFF,Q
$TX,3516,107856,0CF00400,FFFFFF2F07FFFFFF,Q
$TX,3517,107876,0CF00400,FFFFFFC406FFFFFF,Q
$TX,3518,107896,0CF00400,FFFFFF5B06FFFFFF,Q
$TX,3519,107916,0CF00400,FFFFFFF605FFFFFF,Q
$TX,3520,107936,0CF00400,FFFFFF9405FFFFFF,Q
$TX,3521,107956,0CF00400,FFFFFF3405FFFFFF,Q
$TX,3522,107976,0CF00400,FFFFFFD804FFFFFF,Q
$TX,3523,107996,0CF00400,FFFFFF7F04FFFFFF,Q
$TX,3524,108016,0CF00400,FFFFFF2A04FFFFFF,Q
$TX,3525,108036,0CF00400,FFFFFFD703FFFFFF,Q
$TX,3526,108056,0CF00400,FFFFFF8803FFFFFF,Q
$TX,3527,108076,0CF00400,FFFFFF3C03FFFFFF,Q
$TX,3528,108096,0CF00400,FFFFFFF302FFFFFF,Q
$TX,3529,108116,0CF00400,FFFFFFAD02FFFFFF,Q
$TX,3530,108136,0CF00400,FFFFFF6B02FFFFFF,Q
$TX,3531,108156,0CF00400,FFFFFF2C02FFFFFF,Q
$TX,3532,108176,0CF00400,FFFFFFF001FFFFFF,Q
$TX,3533,108196,0CF00400,FFFFFFB801FFFFFF,Q
$TX,3534,108216,0CF00400,FFFFFF8301FFFFFF,Q
$TX,3535,108236,0CF00400,FFFFFF5101FFFFFF,Q
$TX,3536,108256,0CF00400,FFFFFF2301FFFFFF,Q
$TX,3537,108276,0CF00400,FFFFFFF800FFFFFF,Q
$TX,3538,108296,0CF00400,FFFFFFD000FFFFFF,Q
$TX,3539,108316,0CF00400,FFFFFFAC00FFFFFF,Q
$TX,3540,108336,0CF00400,FFFFFF8C00FFFFFF,Q
$TX,3541,108356,0CF00400,FFFFFF6E00FFFFFF,Q
$TX,3542,108376,0CF00400,FFFFFF5500FFFFFF,Q
$TX,3543,108396,0CF00400,FFFFFF3E00FFFFFF,Q
$TX,3544,108416,0CF00400,FFFFFF2B00FFFFFF,Q
$TX,3545,108436,0CF00400,FFFFFF1C00FFFFFF,Q
$TX,3546,108456,0CF00400,FFFFFF1000FFFFFF,Q
$TX,3547,108476,0CF00400,FFFFFF0700FFFFFF,Q
$TX,3548,108496,0CF00400,FFFFFF0200FFFFFF,Q
$TX,3549,108516,0CF00400,FFFFFF0000FFFFFF,Q
$TX,3550,108536,0CF00400,FFFFFF0200FFFFFF,Q
$TX,3551,108556,0CF00400,FFFFFF0700FFFFFF,Q
$TX,3552,108576,0CF00400,FFFFFF1000FFFFFF,Q
$TX,3553,108596,0CF00400,FFFFFF1C00FFFFFF,Q
$TX,3554,108616,0CF00400,FFFFFF2B00FFFFFF,Q
$TX,3555,108636,0CF00400,FFFFFF3E00FFFFFF,Q
$TX,3556,108656,0CF00400,FFFFFF5500FFFFFF,Q
$TX,3557,108676,0CF00400,FFFFFF6E00FFFFFF,Q
$TX,3558,108696,0CF00400,FFFFFF8C00FFFFFF,Q
$TX,3559,108716,0CF00400,FFFFFFAC00FFFFFF,Q
$TX,3560,108736,0CF00400,FFFFFFD000FFFFFF,Q
$TX,3561,108756,0CF00400,FFFFFFF800FFFFFF,Q
$TX,3562,108776,0CF00400,FFFFFF2301FFFFFF,Q
$TX,3563,108796,0CF00400,FFFFFF5101FFFFFF,Q
$TX,3564,108816,0CF00400,FFFFFF8301FFFFFF,Q
$TX,3565,108836,0CF00400,FFFFFFB801FFFFFF,Q
$TX,3566,108856,0CF00400,FFFFFFF001FFFFFF,Q
$TX,3567,108876,0CF00400,FFFFFF2C02FFFFFF,Q
$TX,3568,108896,0CF00400,FFFFFF6B02FFFFFF,Q
$TX,3569,108916,0CF00400,FFFFFFAD02FFFFFF,Q
$TX,3570,108936,0CF00400,FFFFFFF302FFFFFF,Q
$TX,3571,108956,0CF00400,FFFFFF3C03FFFFFF,Q
$TX,3572,108976,0CF00400,FFFFFF8803FFFFFF,Q
$TX,3573,108996,0CF00400,FFFFFFD703FFFFFF,Q
$TX,3574,109016,0CF00400,FFFFFF2A04FFFFFF,Q
$TX,3575,109036,0CF00400,FFFFFF7F04FFFFFF,Q
$TX,3576,109056,0CF00400,FFFFFFD804FFFFFF,Q
$TX,3577,109076,0CF00400,FFFFFF3405FFFFFF,Q
$TX,3578,109096,0CF00400,FFFFFF9405FFFFFF,Q
$TX,3579,109116,0CF00400,FFFFFFF605FFFFFF,Q
$TX,3580,109136,0CF00400,FFFFFF5B06FFFFFF,Q
$TX,3581,109156,0CF00400,FFFFFFC406FFFFFF,Q
$TX,3582,109176,0CF00400,FFFFFF2F07FFFFFF,Q
$TX,3583,109196,0CF00400,FFFFFF9E07FFFFFF,Q
$TX,3584,109216,0CF00400,FFFFFF0F08FFFFFF,Q
$TX,3585,109236,0CF00400,FFFFFF8308FFFFFF,Q
$TX,3586,109256,0CF00400,FFFFFFFB08FFFFFF,Q
$TX,3587,109276,0CF00400,FFFFFF7509FFFFFF,Q
$TX,3588,109296,0CF00400,FFFFFFF209FFFFFF,Q
$TX,3589,109316,0CF00400,FFFFFF720AFFFFFF,Q
$TX,3590,109336,0CF00400,FFFFFFF40AFFFFFF,Q
$TX,3591,109356,0CF00400,FFFFFF7A0BFFFFFF,Q
$TX,3592,109376,0CF00400,FFFFFF020CFFFFFF,Q
$TX,3593,109396,0CF00400,FFFFFF8D0CFFFFFF,Q
$TX,3594,109416,0CF00400,FFFFFF1A0DFFFFFF,Q
$TX,3595,109436,0CF00400,FFFFFFAA0DFFFFFF,Q
$TX,3596,109456,0CF00400,FFFFFF3D0EFFFFFF,Q
$TX,3597,109476,0CF00400,FFFFFFD20EFFFFFF,Q
$TX,3598,109496,0CF00400,FFFFFF6A0FFFFFFF,Q
$TX,3599,109516,0CF00400,FFFFFF0510FFFFFF,Q
$TX,3600,109536,0CF00400,FFFFFFA110FFFFFF,Q
$TX,3601,109556,0CF00400,FFFFFF4011FFFFFF,Q
$TX,3602,109576,0CF00400,FFFFFFE211FFFFFF,Q
$TX,3603,109596,0CF00400,FFFFFF8612FFFFFF,Q
$TX,3604,109616,0CF00400,FFFFFF2C13FFFFFF,Q
$TX,3605,109636,0CF00400,FFFFFFD413FFFFFF,Q
$TX,3606,109656,0CF00400,FFFFFF7F14FFFFFF,Q
$TX,3607,109676,0CF00400,FFFFFF2B15FFFFFF,Q
$TX,3608,109696,0CF00400,FFFFFFDA15FFFFFF,Q
$TX,3609,109716,0CF00400,FFFFFF8B16FFFFFF,Q
$TX,3610,109736,0CF00400,FFFFFF3E17FFFFFF,Q
$TX,3611,109756,0CF00400,FFFFFFF317FFFFFF,Q
$TX,3612,109776,0CF00400,FFFFFFAA18FFFFFF,Q
$TX,3613,109796,0CF00400,FFFFFF6219FFFFFF,Q
$TX,3614,109816,0CF00400,FFFFFF1D1AFFFFFF,Q
$TX,3615,109836,0CF00400,FFFFFFD91AFFFFFF,Q
$TX,3616,109856,0CF00400,FFFFFF981BFFFFFF,Q
$TX,3617,109876,0CF00400,FFFFFF571CFFFFFF,Q
$TX,3618,109896,0CF00400,FFFFFF191DFFFFFF,Q
$TX,3619,109916,0CF00400,FFFFFFDC1DFFFFFF,Q
$TX,3620,109936,0CF00400,FFFFFFA11EFFFFFF,Q
$TX,3621,109956,0CF00400,FFFFFF671FFFFFFF,Q
$TX,3622,109976,0CF00400,FFFFFF2F20FFFFFF,Q
$TX,3623,109996,0CF00400,FFFFFFF820FFFFFF,Q
$TX,3624,110016,0CF00400,FFFFFFC221FFFFFF,Q
$TX,3625,110036,0CF00400,FFFFFF8E22FFFFFF,Q
$TX,3626,110056,0CF00400,FFFFFF5B23FFFFFF,Q
$TX,3627,110076,0CF00400,FFFFFF2A24FFFFFF,Q
$TX,3628,110096,0CF00400,FFFFFFF924FFFFFF,Q
$TX,3629,110116,0CF00400,FFFFFFCA25FFFFFF,Q
$TX,3630,110136,0CF00400,FFFFFF9B26FFFFFF,Q
$6X,3631,110156,0CF00400,FFFFFF6E27FFFFFF,Q
$TX,3632,110176,0CF00400,FFFFFF4228FFFFFF,Q
$TX,3633,110196,0CF00400,FFFFFF1629FFFFFF,Q
$TX,3634,110216,0CF00400,FFFFFFEC29FFFFFF,Q
$TX,3635,110236,0CF00400,FFFFFFC22AFFFFFF,Q
$TX,3636,110256,0CF00400,FFFFFF992BFFFFFF,Q
$TX,3637,110276,0CF00400,FFFFFF712CFFFFFF,Q
$TX,3638,110296,0CF00400,FFFFFF492DFFFFFF,Q
$TX,3639,110316,0CF00400,FFFFFF222EFFFFFF,Q
$TX,3640,110336,0CF00400,FFFFFFFB2EFFFFFF,Q
$TX,3641,110356,0CF00400,FFFFFFD52FFFFFFF,Q
$TX,3642,110376,0CF00400,FFFFFFB030FFFFFF,Q
$TX,3643,110396,0CF00400,FFFFFF8A31FFFFFF,Q
$TX,3644,110416,0CF00400,FFFFFF6632FFFFFF,Q
$TX,3645,110436,0CF00400,FFFFFF4133FFFFFF,Q
$TX,3646,110456,0CF00400,FFFFFF1D34FFFFFF,Q
$TX,3647,110476,0CF00400,FFFFFFF834FFFFFF,Q
$TX,3648,110496,0CF00400,FFFFFFD435FFFFFF,Q
$TX,3649,110516,0CF00400,FFFFFFB036FFFFFF,Q
$TX,3650,110536,0CF00400,FFFFFF8C37FFFFFF,Q
$TX,3651,110556,0CF00400,FFFFFF6838FFFFFF,Q
$TX,3652,110576,0CF00400,FFFFFF4339FFFFFF,Q
$TX,3653,110596,0CF00400,FFFFFF1F3AFFFFFF,Q
$TX,3654,110616,0CF00400,FFFFFFFA3AFFFFFF,Q
$TX,3655,110636,0CF00400,FFFFFFD63BFFFFFF,Q
$TX,3656,110656,0CF00400,FFFFFFB03CFFFFFF,Q
$TX,3657,110676,0CF00400,FFFFFF8B3DFFFFFF,Q
$TX,3658,110696,0CF00400,FFFFFF653EFFFFFF,Q
$TX,3659,110716,0CF00400,FFFFFF3E3FFFFFFF,Q
$TX,3660,110736,0CF00400,FFFFFF1740FFFFFF,Q
$TX,3661,110756,0CF00400,FFFFFFEF40FFFFFF,Q
$TX,3662,110776,0CF00400,FFFFFFC741FFFFFF,Q
$TX,3663,110796,0CF00400,FFFFFF9E42FFFFFF,Q
$TX,3664,110816,0CF00400,FFFFFF7443FFFFFF,Q
$TX,3665,110836,0CF00400,FFFFFF4A44FFFFFF,Q
$TX,3666,110856,0CF00400,FFFFFF1E45FFFFFF,Q
$TX,3667,110876,0CF00400,FFFFFFF245FFFFFF,Q
$TX,3668,110896,0CF00400,FFFFFFC546FFFFFF,Q
$TX,3669,110916,0CF00400,FFFFFF9647FFFFFF,Q
$TX,3670,110936,0CF00400,FFFFFF6748FFFFFF,Q
$TX,3671,110956,0CF00400,FFFFFF3649FFFFFF,Q
$TX,3672,110976,0CF00400,FFFFFF054AFFFFFF,Q
$TX,3673,110996,0CF00400,FFFFFFD24AFFFFFF,Q
$TX,3674,111016,0CF00400,FFFFFF9E4BFFFFFF,Q
$TX,3675,111036,0CF00400,FFFFFF684CFFFFFF,Q
$TX,3676,111056,0CF00400,FFFFFF314DFFFFFF,Q
$TX,3677,111076,0CF00400,FFFFFFF94DFFFFFF,Q
$TX,3678,111096,0CF00400,FFFFFFBF4EFFFFFF,Q
$TX,3679,111116,0CF00400,FFFFFF844FFFFFFF,Q
$TX,3680,111136,0CF00400,FFFFFF4750FFFFFF,Q
$TX,3681,111156,0CF00400,FFFFFF0951FFFFFF,Q
$TX,3682,111176,0CF00400,FFFFFFC851FFFFFF,Q
$TX,3683,111196,0CF00400,FFFFFF8752FFFFFF,Q
$TX,3684,111216,0CF00400,FFFFFF4353FFFFFF,Q
$TX,3685,111236,0CF00400,FFFFFFFE53FFFFFF,Q
$TX,3686,111256,0CF00400,FFFFFFB654FFFFFF,Q
$8X,3687,111276,0CF00400,FFFFFF6D55FFFFFF,Q
$TX,3688,111296,0CF00400,FFFFFF2256FFFFFF,Q
$TX,3689,111316,0CF00400,FFFFFFD556FFFFFF,Q
$TX,3690,111336,0CF00400,FFFFFF8657FFFFFF,Q
$TX,3691,111356,0CF00400,FFFFFF3558FFFFFF,Q
$TX,3692,111376,0CF00400,FFFFFFE158FFFFFF,Q
$TX,3693,111396,0CF00400,FFFFFF8C59FFFFFF,Q
$TX,3694,111416,0CF00400,FFFFFF345AFFFFFF,Q
$TX,3695,111436,0CF00400,FFFFFFDA5AFFFFFF,Q
$TX,3696,111456,0CF00400,FFFFFF7E5BFFFFFF,Q
$TX,3697,111476,0CF00400,FFFFFF205CFFFFFF,Q
$TX,3698,111496,0CF00400,FFFFFFBF5CFFFFFF,Q
$TX,3699,111516,0CF00400,FFFFFF5B5DFFFFFF,Q
$TX,3700,111536,0CF00400,FFFFFFF65DFFFFFF,Q
$TX,3701,111556,0CF00400,FFFFFF8E5EFFFFFF,Q
$TX,3702,111576,0CF00400,FFFFFF235FFFFFFF,Q
$TX,3703,111596,0CF00400,FFFFFFB65FFFFFFF,Q
$TX,3704,111616,0CF00400,FFFFFF4660FFFFFF,Q
$TX,3705,111636,0CF00400,FFFFFFD360FFFFFF,Q
$TX,3706,111656,0CF00400,FFFFFF5E61FFFFFF,Q
$TX,3707,111676,0CF00400,FFFFFFE661FFFFFF,Q
$TX,3708,111696,0CF00400,FFFFFF6C62FFFFFF,Q
$TX,3709,111716,0CF00400,FFFFFFEE62FFFFFF,Q
$TX,3710,111736,0CF00400,FFFFFF6E63FFFFFF,Q
$TX,3711,111756,0CF00400,FFFFFFEB63FFFFFF,Q
$TX,3712,111776,0CF00400,FFFFFF6564FFFFFF,Q
$TX,3713,111796,0CF00400,FFFFFFDD64FFFFFF,Q
$TX,3714,111816,0CF00400,FFFFFF5165FFFFFF,Q
$TX,3715,111836,0CF00400,FFFFFFC265FFFFFF,Q
$TX,3716,111856,0CF00400,FFFFFF3166FFFFFF,Q
$TX,3717,111876,0CF00400,FFFFFF9C66FFFFFF,Q
$TX,3718,111896,0CF00400,FFFFFF0567FFFFFF,Q
$TX,3719,111916,0CF00400,FFFFFF6A67FFFFFF,Q
$TX,3720,111936,0CF00400,FFFFFFCC67FFFFFF,Q
$TX,3721,111956,0CF00400,FFFFFF2C68FFFFFF,Q
$TX,3722,111976,0CF00400,FFFFFF8868FFFFFF,Q
$TX,3723,111996,0CF00400,FFFFFFE168FFFFFF,Q
$TX,3724,112016,0CF00400,FFFFFF3669FFFFFF,Q
$TX,3725,112036,0CF00400,FFFFFF8969FFFFFF,Q
$TX,3726,112056,0CF00400,FFFFFFD869FFFFFF,Q
$TX,3727,112076,0CF00400,FFFFFF246AFFFFFF,Q
$TX,3728,112096,0CF00400,FFFFFF6D6AFFFFFF,Q
$TX,3729,112116,0CF00400,FFFFFFB36AFFFFFF,Q
$TX,3730,112136,0CF00400,FFFFFFF56AFFFFFF,Q
$TX,3731,112156,0CF00400,FFFFFF346BFFFFFF,Q
$TX,3732,112176,0CF00400,FFFFFF706BFFFFFF,Q
$TX,3733,112196,0CF00400,FFFFFFA86BFFFFFF,Q
$TX,3734,112216,0CF00400,FFFFFFDD6BFFFFFF,Q
$TX,3735,112236,0CF00400,FFFFFF0F6CFFFFFF,Q
$TX,3736,112256,0CF00400,FFFFFF3D6CFFFFFF,Q
$TX,3737,112276,0CF00400,FFFFFF686CFFFFFF,Q
$TX,3738,112296,0CF00400,FFFFFF906CFFFFFF,Q
$TX,3739,112316,0CF00400,FFFFFFB46CFFFFFF,Q
$TX,3740,112336,0CF00400,FFFFFFD46CFFFFFF,Q
$TX,3741,112356,0CF00400,FFFFFFF26CFFFFFF,Q
$TX,3742,112376,0CF00400,FFFFFF0B6DFFFFFF,Q
$TX,3743,112396,0CF00400,FFFFFF226DFFFFFF,Q
$TX,3744,112416,0CF00400,FFFFFF356DFFFFFF,Q
$TX,3745,112436,0CF00400,FFFFFF446DFFFFFF,Q
$TX,3746,112456,0CF00400,FFFFFF506DFFFFFF,Q
$TX,3747,112476,0CF00400,FFFFFF596DFFFFFF,Q
$TX,3748,112496,0CF00400,FFFFFF5E6DFFFFFF,Q
$TX,3749,112516,0CF00400,FFFFFF606DFFFFFF,Q
$TX,3750,112536,0CF00400,FFFFFF5E6DFFFFFF,Q
$TX,3751,112556,0CF00400,FFFFFF596DFFFFFF,Q
$TX,3752,112576,0CF00400,FFFFFF506DFFFFFF,Q
$TX,3753,112596,0CF00400,FFFFFF446DFFFFFF,Q
$TX,3754,112616,0CF00400,FFFFFF356DFFFFFF,Q
$TX,3755,112636,0CF00400,FFFFFF226DFFFFFF,Q
$TX,3756,112656,0CF00400,FFFFFF0B6DFFFFFF,Q
$TX,3757,112676,0CF00400,FFFFFFF26CFFFFFF,Q
$TX,3758,112696,0CF00400,FFFFFFD46CFFFFFF,Q
$TX,3759,112716,0CF00400,FFFFFFB46CFFFFFF,Q
$TX,3760,112736,0CF00400,FFFFFF906CFFFFFF,Q
$TX,3761,112756,0CF00400,FFFFFF686CFFFFFF,Q
$TX,3762,112776,0CF00400,FFFFFF3D6CFFFFFF,Q
$TX,3763,112796,0CF00400,FFFFFF0F6CFFFFFF,Q
$TX,3764,112816,0CF00400,FFFFFFDD6BFFFFFF,Q
$TX,3765,112836,0CF00400,FFFFFFA86BFFFFFF,Q
$TX,3766,112856,0CF00400,FFFFFF706BFFFFFF,Q
$TX,3767,112876,0CF00400,FFFFFF346BFFFFFF,Q
$TX,3768,112896,0CF00400,FFFFFFF56AFFFFFF,Q
$TX,3769,112916,0CF00400,FFFFFFB36AFFFFFF,Q
$TX,3770,112936,0CF00400,FFFFFF6D6AFFFFFF,Q
$TX,3771,112956,0CF00400,FFFFFF246AFFFFFF,Q
$TX,3772,112976,0CF00400,FFFFFFD869FFFFFF,Q
$TX,3773,112996,0CF00400,FFFFFF8969FFFFFF,Q
$TX,3774,113016,0CF00400,FFFFFF3669FFFFFF,Q
$TX,3775,113036,0CF00400,FFFFFFE168FFFFFF,Q
$TX,3776,113056,0CF00400,FFFFFF8868FFFFFF,Q
$TX,3777,113076,0CF00400,FFFFFF2C68FFFFFF,Q
$TX,3778,113096,0CF00400,FFFFFFCC67FFFFFF,Q
$TX,3779,113116,0CF00400,FFFFFF6A67FFFFFF,Q
$TX,3780,113136,0CF00400,FFFFFF0567FFFFFF,Q
$TX,3781,113156,0CF00400,FFFFFF9C66FFFFFF,Q
$TX,3782,113176,0CF00400,FFFFFF3166FFFFFF,Q
$TX,3783,113196,0CF00400,FFFFFFC265FFFFFF,Q
$TX,3784,113216,0CF00400,FFFFFF5165FFFFFF,Q
$TX,3785,113236,0CF00400,FFFFFFDD64FFFFFF,Q
$TX,3786,113256,0CF00400,FFFFFF6564FFFFFF,Q
$TX,3787,113276,0CF00400,FFFFFFEB63FFFFFF,Q
$TX,3788,113296,0CF00400,FFFFFF6E63FFFFFF,Q
$TX,3789,113316,0CF00400,FFFFFFEE62FFFFFF,Q
$TX,3790,113336,0CF00400,FFFFFF6C62FFFFFF,Q
$TX,3791,113356,0CF00400,FFFFFFE661FFFFFF,Q
$TX,3792,113376,0CF00400,FFFFFF5E61FFFFFF,Q
$TX,3793,113396,0CF00400,FFFFFFD360FFFFFF,Q
$TX,3794,113416,0CF00400,FFFFFF4660FFFFFF,Q
$TX,3795,113436,0CF00400,FFFFFFB65FFFFFFF,Q
$TX,3796,113456,0CF00400,FFFFFF235FFFFFFF,Q
$TX,3797,113476,0CF00400,FFFFFF8E5EFFFFFF,Q
$TX,3798,113496,0CF00400,FFFFFFF65DFFFFFF,Q
$TX,3799,113516,0CF00400,FFFFFF5B5DFFFFFF,Q
$TX,3800,113536,0CF00400,FFFFFFBF5CFFFFFF,Q
$TX,3801,113556,0CF00400,FFFFFF205CFFFFFF,Q
$TX,3802,113576,0CF00400,FFFFFF7E5BFFFFFF,Q
$TX,3803,113596,0CF00400,FFFFFFDA5AFFFFFF,Q
$TX,3804,113616,0CF00400,FFFFFF345AFFFFFF,Q
$TX,3805,113636,0CF00400,FFFFFF8C59FFFFFF,Q
$TX,3806,113656,0CF00400,FFFFFFE158FFFFFF,Q
$TX,3807,113676,0CF00400,FFFFFF3558FFFFFF,Q
$TX,3808,113696,0CF00400,FFFFFF8657FFFFFF,Q
$TX,3809,113716,0CF00400,FFFFFFD556FFFFFF,Q
$TX,3810,113736,0CF00400,FFFFFF2256FFFFFF,Q
$TX,3811,113756,0CF00400,FFFFFF6D55FFFFFF,Q
$TX,3812,113776,0CF00400,FFFFFFB654FFFFFF,Q
$TX,3813,113796,0CF00400,FFFFFFFE53FFFFFF,Q
$TX,3814,113816,0CF00400,FFFFFF4353FFFFFF,Q
$TX,3815,113836,0CF00400,FFFFFF8752FFFFFF,Q
$TX,3816,113856,0CF00400,FFFFFFC851FFFFFF,Q
$TX,3817,113876,0CF00400,FFFFFF0951FFFFFF,Q
$TX,3818,113896,0CF00400,FFFFFF4750FFFFFF,Q
$TX,3819,113916,0CF00400,FFFFFF844FFFFFFF,Q
$TX,3820,113936,0CF00400,FFFFFFBF4EFFFFFF,Q
$TX,3821,113956,0CF00400,FFFFFFF94DFFFFFF,Q
$TX,3822,113976,0CF00400,FFFFFF314DFFFFFF,Q
$TX,3823,113996,0CF00400,FFFFFF684CFFFFFF,Q
$TX,3824,114016,0CF00400,FFFFFF9E4BFFFFFF,Q
$TX,3825,114036,0CF00400,FFFFFFD24AFFFFFF,Q
$TX,3826,114056,0CF00400,FFFFFF054AFFFFFF,Q
$TX,3827,114076,0CF00400,FFFFFF3649FFFFFF,Q
$TX,3828,114096,0CF00400,FFFFFF6748FFFFFF,Q
$TX,3829,114116,0CF00400,FFFFFF9647FFFFFF,Q
$TX,3830,114136,0CF00400,FFFFFFC546FFFFFF,Q
$TX,3831,114156,0CF00400,FFFFFFF245FFFFFF,Q
$TX,3832,114176,0CF00400,FFFFFF1E45FFFFFF,Q
$TX,3833,114196,0CF00400,FFFFFF4A44FFFFFF,Q
$TX,3834,114216,0CF00400,FFFFFF7443FFFFFF,Q
$TX,3835,114236,0CF00400,FFFFFF9E42FFFFFF,Q
$TX,3836,114256,0CF00400,FFFFFFC741FFFFFF,Q
$TX,3837,114276,0CF00400,FFFFFFEF40FFFFFF,Q
$TX,3838,114296,0CF00400,FFFFFF1740FFFFFF,Q
$TX,3839,114316,0CF00400,FFFFFF3E3FFFFFFF,Q
$TX,3840,114336,0CF00400,FFFFFF653EFFFFFF,Q
$TX,3841,114356,0CF00400,FFFFFF8B3DFFFFFF,Q
$TX,3842,114376,0CF00400,FFFFFFB03CFFFFFF,Q
$TX,3843,114396,0CF00400,FFFFFFD63BFFFFFF,Q
$TX,3844,114416,0CF00400,FFFFFFFA3AFFFFFF,Q
$TX,3845,114436,0CF00400,FFFFFF1F3AFFFFFF,Q
$TX,3846,114456,0CF00400,FFFFFF4339FFFFFF,Q
$TX,3847,114476,0CF00400,FFFFFF6838FFFFFF,Q
$TX,3848,114496,0CF00400,FFFFFF8C37FFFFFF,Q
$TX,3849,114516,0CF00400,FFFFFFB036FFFFFF,Q
$TX,3850,114536,0CF00400,FFFFFFD435FFFFFF,Q
$TX,3851,114556,0CF00400,FFFFFFF834FFFFFF,Q
$TX,3852,114576,0CF00400,FFFFFF1D34FFFFFF,Q
$TX,3853,114596,0CF00400,FFFFFF4133FFFFFF,Q
$TX,3854,114616,0CF00400,FFFFFF6632FFFFFF,Q
$TX,3855,114636,0CF00400,FFFFFF8A31FFFFFF,Q
$TX,3856,114656,0CF00400,FFFFFFB030FFFFFF,Q
$TX,3857,114676,0CF00400,FFFFFFD52FFFFFFF,Q
$TX,3858,114696,0CF00400,FFFFFFFB2EFFFFFF,Q
$TX,3859,114716,0CF00400,FFFFFF222EFFFFFF,Q
$TX,3860,114736,0CF00400,FFFFFF492DFFFFFF,Q
$TX,3861,114756,0CF00400,FFFFFF712CFFFFFF,Q
$TX,3862,114776,0CF00400,FFFFFF992BFFFFFF,Q
$TX,3863,114796,0CF00400,FFFFFFC22AFFFFFF,Q
$TX,3864,114816,0CF00400,FFFFFFEC29FFFFFF,Q
$TX,3865,114836,0CF00400,FFFFFF1629FFFFFF,Q
$TX,3866,114856,0CF00400,FFFFFF4228FFFFFF,Q
$TX,3867,114876,0CF00400,FFFFFF6E27FFFFFF,Q
$TX,3868,114896,0CF00400,FFFFFF9B26FFFFFF,Q
$TX,3869,114916,0CF00400,FFFFFFCA25FFFFFF,Q
$TX,3870,114936,0CF00400,FFFFFFF924FFFFFF,Q
$TX,3871,114956,0CF00400,FFFFFF2A24FFFFFF,Q
$TX,3872,114976,0CF00400,FFFFFF5B23FFFFFF,Q
$TX,3873,114996,0CF00400,FFFFFF8E22FFFFFF,Q
$TX,3874,115016,0CF00400,FFFFFFC221FFFFFF,Q
$TX,3875,115036,0CF00400,FFFFFFF820FFFFFF,Q
$TX,3876,115056,0CF00400,FFFFFF2F20FFFFFF,Q
$TX,3877,115076,0CF00400,FFFFFF671FFFFFFF,Q
$TX,3878,115096,0CF00400,FFFFFFA11EFFFFFF,Q
$TX,3879,115116,0CF00400,FFFFFFDC1DFFFFFF,Q
$TX,3880,115136,0CF00400,FFFFFF191DFFFFFF,Q
$TX,3881,115156,0CF00400,FFFFFF571CFFFFFF,Q
$TX,3882,115176,0CF00400,FFFFFF981BFFFFFF,Q
$TX,3883,115196,0CF00400,FFFFFFD91AFFFFFF,Q
$TX,3884,115216,0CF00400,FFFFFF1D1AFFFFFF,Q
$TX,3885,115236,0CF00400,FFFFFF6219FFFFFF,Q
$TX,3886,115256,0CF00400,FFFFFFAA18FFFFFF,Q
$TX,3887,115276,0CF00400,FFFFFFF317FFFFFF,Q
$TX,3888,115296,0CF00400,FFFFFF3E17FFFFFF,Q
$TX,3889,115316,0CF00400,FFFFFF8B16FFFFFF,Q
$TX,3890,115336,0CF00400,FFFFFFDA15FFFFFF,Q
$TX,3891,115356,0CF00400,FFFFFF2B15FFFFFF,Q
$TX,3892,115376,0CF00400,FFFFFF7F14FFFFFF,Q
$TX,3893,115396,0CF00400,FFFFFFD413FFFFFF,Q
$TX,3894,115416,0CF00400,FFFFFF2C13FFFFFF,Q
$TX,3895,115436,0CF00400,FFFFFF8612FFFFFF,Q
$TX,3896,115456,0CF00400,FFFFFFE211FFFFFF,Q
$TX,3897,115476,0CF00400,FFFFFF4011FFFFFF,Q
$TX,3898,115496,0CF00400,FFFFFFA110FFFFFF,Q
$TX,3899,115516,0CF00400,FFFFFF0510FFFFFF,Q
$TX,3900,115536,0CF00400,FFFFFF6A0FFFFFFF,Q
$TX,3901,115556,0CF00400,FFFFFFD20EFFFFFF,Q
$TX,3902,115576,0CF00400,FFFFFF3D0EFFFFFF,Q
$TX,3903,115596,0CF00400,FFFFFFAA0DFFFFFF,Q
$TX,3904,115616,0CF00400,FFFFFF1A0DFFFFFF,Q
$TX,3905,115636,0CF00400,FFFFFF8D0CFFFFFF,Q
$TX,3906,115656,0CF00400,FFFFFF020CFFFFFF,Q
$TX,3907,115676,0CF00400,FFFFFF7A0BFFFFFF,Q
$TX,3908,115696,0CF00400,FFFFFFF40AFFFFFF,Q
$TX,3909,115716,0CF00400,FFFFFF720AFFFFFF,Q
$TX,3910,115736,0CF00400,FFFFFFF209FFFFFF,Q
$TX,3911,115756,0CF00400,FFFFFF7509FFFFFF,Q
$TX,3912,115776,0CF00400,FFFFFFFB08FFFFFF,Q
$TX,3913,115796,0CF00400,FFFFFF8308FFFFFF,Q
$TX,3914,115816,0CF00400,FFFFFF0F08FFFFFF,Q
$TX,3915,115836,0CF00400,FFFFFF9E07FFFFFF,Q
$TX,3916,115856,0CF00400,FFFFFF2F07FFFFFF,Q
$TX,3917,115876,0CF00400,FFFFFFC406FFFFFF,Q
$TX,3918,115896,0CF00400,FFFFFF5B06FFFFFF,Q
$TX,3919,115916,0CF00400,FFFFFFF605FFFFFF,Q
$TX,3920,115936,0CF00400,FFFFFF9405FFFFFF,Q
$TX,3921,115956,0CF00400,FFFFFF3405FFFFFF,Q
$TX,3922,115976,0CF00400,FFFFFFD804FFFFFF,Q
$TX,3923,115996,0CF00400,FFFFFF7F04FFFFFF,Q
$TX,3924,116016,0CF00400,FFFFFF2A04FFFFFF,Q
$TX,3925,116036,0CF00400,FFFFFFD703FFFFFF,Q
$TX,3926,116056,0CF00400,FFFFFF8803FFFFFF,Q
$TX,3927,116076,0CF00400,FFFFFF3C03FFFFFF,Q
$TX,3928,116096,0CF00400,FFFFFFF302FFFFFF,Q
$TX,3929,116116,0CF00400,FFFFFFAD02FFFFFF,Q
$TX,3930,116136,0CF00400,FFFFFF6B02FFFFFF,Q
$TX,3931,116156,0CF00400,FFFFFF2C02FFFFFF,Q
$TX,3932,116176,0CF00400,FFFFFFF001FFFFFF,Q
$TX,3933,116196,0CF00400,FFFFFFB801FFFFFF,Q
$TX,3934,116216,0CF00400,FFFFFF8301FFFFFF,Q
$TX,3935,116236,0CF00400,FFFFFF5101FFFFFF,Q
$TX,3936,116256,0CF00400,FFFFFF2301FFFFFF,Q
$TX,3937,116276,0CF00400,FFFFFFF800FFFFFF,Q
$TX,3938,116296,0CF00400,FFFFFFD000FFFFFF,Q
$TX,3939,116316,0CF00400,FFFFFFAC00FFFFFF,Q
$TX,3940,116336,0CF00400,FFFFFF8C00FFFFFF,Q
$TX,3941,116356,0CF00400,FFFFFF6E00FFFFFF,Q
$TX,3942,116376,0CF00400,FFFFFF5500FFFFFF,Q
$TX,3943,116396,0CF00400,FFFFFF3E00FFFFFF,Q
$TX,3944,116416,0CF00400,FFFFFF2B00FFFFFF,Q
$TX,3945,116436,0CF00400,FFFFFF1C00FFFFFF,Q
$TX,3946,116456,0CF00400,FFFFFF1000FFFFFF,Q
$TX,3947,116476,0CF00400,FFFFFF0700FFFFFF,Q
$TX,3948,116496,0CF00400,FFFFFF0200FFFFFF,Q
$TX,3949,116516,0CF00400,FFFFFF0000FFFFFF,Q
$TX,3950,116536,0CF00400,FFFFFF0200FFFFFF,Q
$TX,3951,116556,0CF00400,FFFFFF0700FFFFFF,Q
$TX,3952,116576,0CF00400,FFFFFF1000FFFFFF,Q
$TX,3953,116596,0CF00400,FFFFFF1C00FFFFFF,Q
$TX,3954,116616,0CF00400,FFFFFF2B00FFFFFF,Q
$TX,3955,116636,0CF00400,FFFFFF3E00FFFFFF,Q
$TX,3956,116656,0CF00400,FFFFFF5500FFFFFF,Q
$TX,3957,116676,0CF00400,FFFFFF6E00FFFFFF,Q
$2X,3958,116696,0CF00400,FFFFFF8C00FFFFFF,Q
$TX,3959,116716,0CF00400,FFFFFFAC00FFFFFF,Q
$TX,3960,116736,0CF00400,FFFFFFD000FFFFFF,Q
$TX,3961,116756,0CF00400,FFFFFFF800FFFFFF,Q
$TX,3962,116776,0CF00400,FFFFFF2301FFFFFF,Q
$TX,3963,116796,0CF00400,FFFFFF5101FFFFFF,Q
$TX,3964,116816,0CF00400,FFFFFF8301FFFFFF,Q
$TX,3965,116836,0CF00400,FFFFFFB801FFFFFF,Q
$TX,3966,116856,0CF00400,FFFFFFF001FFFFFF,Q
$TX,3967,116876,0CF00400,FFFFFF2C02FFFFFF,Q
$TX,3968,116896,0CF00400,FFFFFF6B02FFFFFF,Q
$TX,3969,116916,0CF00400,FFFFFFAD02FFFFFF,Q
$TX,3970,116936,0CF00400,FFFFFFF302FFFFFF,Q
$TX,3971,116956,0CF00400,FFFFFF3C03FFFFFF,Q
$TX,3972,116976,0CF00400,FFFFFF8803FFFFFF,Q
$TX,3973,116996,0CF00400,FFFFFFD703FFFFFF,Q
$TX,3974,117016,0CF00400,FFFFFF2A04FFFFFF,Q
$TX,3975,117036,0CF00400,FFFFFF7F04FFFFFF,Q
$TX,3976,117056,0CF00400,FFFFFFD804FFFFFF,Q
$TX,3977,117076,0CF00400,FFFFFF3405FFFFFF,Q
$TX,3978,117096,0CF00400,FFFFFF9405FFFFFF,Q
$TX,3979,117116,0CF00400,FFFFFFF605FFFFFF,Q
$TX,3980,117136,0CF00400,FFFFFF5B06FFFFFF,Q
$TX,3981,117156,0CF00400,FFFFFFC406FFFFFF,Q
$TX,3982,117176,0CF00400,FFFFFF2F07FFFFFF,Q
$TX,3983,117196,0CF00400,FFFFFF9E07FFFFFF,Q
$TX,3984,117216,0CF00400,FFFFFF0F08FFFFFF,Q
$TX,3985,117236,0CF00400,FFFFFF8308FFFFFF,Q
$TX,3986,117256,0CF00400,FFFFFFFB08FFFFFF,Q
$TX,3987,117276,0CF00400,FFFFFF7509FFFFFF,Q
$TX,3988,117296,0CF00400,FFFFFFF209FFFFFF,Q
$TX,3989,117316,0CF00400,FFFFFF720AFFFFFF,Q
$TX,3990,117336,0CF00400,FFFFFFF40AFFFFFF,Q
$TX,3991,117356,0CF00400,FFFFFF7A0BFFFFFF,Q
$TX,3992,117376,0CF00400,FFFFFF020CFFFFFF,Q
$TX,3993,117396,0CF00400,FFFFFF8D0CFFFFFF,Q
$TX,3994,117416,0CF00400,FFFFFF1A0DFFFFFF,Q
$TX,3995,117436,0CF00400,FFFFFFAA0DFFFFFF,Q
$TX,3996,117456,0CF00400,FFFFFF3D0EFFFFFF,Q
$TX,3997,117476,0CF00400,FFFFFFD20EFFFFFF,Q
$TX,3998,117496,0CF00400,FFFFFF6A0FFFFFFF,Q
$TX,3999,117516,0CF00400,FFFFFF0510FFFFFF,Q
$TX,4000,117536,0CF00400,FFFFFFA110FFFFFF,Q
$TX,4001,117556,0CF00400,FFFFFF4011FFFFFF,Q
$TX,4002,117576,0CF00400,FFFFFFE211FFFFFF,Q
$TX,4003,117596,0CF00400,FFFFFF8612FFFFFF,Q
$TX,4004,117616,0CF00400,FFFFFF2C13FFFFFF,Q
$TX,4005,117636,0CF00400,FFFFFFD413FFFFFF,Q
$TX,4006,117656,0CF00400,FFFFFF7F14FFFFFF,Q
$TX,4007,117676,0CF00400,FFFFFF2B15FFFFFF,Q
$TX,4008,117696,0CF00400,FFFFFFDA15FFFFFF,Q
$TX,4009,117716,0CF00400,FFFFFF8B16FFFFFF,Q
$TX,4010,117736,0CF00400,FFFFFF3E17FFFFFF,Q
$TX,4011,117756,0CF00400,FFFFFFF317FFFFFF,Q
$TX,4012,117776,0CF00400,FFFFFFAA18FFFFFF,Q
$TX,4013,117796,0CF00400,FFFFFF6219FFFFFF,Q
$TX,4014,117816,0CF00400,FFFFFF1D1AFFFFFF,Q
$TX,4015,117836,0CF00400,FFFFFFD91AFFFFFF,Q
$TX,4016,117856,0CF00400,FFFFFF981BFFFFFF,Q
$TX,4017,117876,0CF00400,FFFFFF571CFFFFFF,Q
$TX,4018,117896,0CF00400,FFFFFF191DFFFFFF,Q
$TX,4019,117916,0CF00400,FFFFFFDC1DFFFFFF,Q
$TX,4020,117936,0CF00400,FFFFFFA11EFFFFFF,Q
$TX,4021,117956,0CF00400,FFFFFF671FFFFFFF,Q
$TX,4022,117976,0CF00400,FFFFFF2F20FFFFFF,Q
$TX,4023,117996,0CF00400,FFFFFFF820FFFFFF,Q
$TX,4024,118016,0CF00400,FFFFFFC221FFFFFF,Q
$TX,4025,118036,0CF00400,FFFFFF8E22FFFFFF,Q
$TX,4026,118056,0CF00400,FFFFFF5B23FFFFFF,Q
$TX,4027,118076,0CF00400,FFFFFF2A24FFFFFF,Q
$TX,4028,118096,0CF00400,FFFFFFF924FFFFFF,Q
$TX,4029,118116,0CF00400,FFFFFFCA25FFFFFF,Q
$TX,4030,118136,0CF00400,FFFFFF9B26FFFFFF,Q
$TX,4031,118156,0CF00400,FFFFFF6E27FFFFFF,Q
$TX,4032,118176,0CF00400,FFFFFF4228FFFFFF,Q
$TX,4033,118196,0CF00400,FFFFFF1629FFFFFF,Q
$TX,4034,118216,0CF00400,FFFFFFEC29FFFFFF,Q
$TX,4035,118236,0CF00400,FFFFFFC22AFFFFFF,Q
$TX,4036,118256,0CF00400,FFFFFF992BFFFFFF,Q
$TX,4037,118276,0CF00400,FFFFFF712CFFFFFF,Q
$TX,4038,118296,0CF00400,FFFFFF492DFFFFFF,Q
$TX,4039,118316,0CF00400,FFFFFF222EFFFFFF,Q
$TX,4040,118336,0CF00400,FFFFFFFB2EFFFFFF,Q
$TX,4041,118356,0CF00400,FFFFFFD52FFFFFFF,Q
$TX,4042,118376,0CF00400,FFFFFFB030FFFFFF,Q
$TX,4043,118396,0CF00400,FFFFFF8A31FFFFFF,Q
$TX,4044,118416,0CF00400,FFFFFF6632FFFFFF,Q
$TX,4045,118436,0CF00400,FFFFFF4133FFFFFF,Q
$TX,4046,118456,0CF00400,FFFFFF1D34FFFFFF,Q
$TX,4047,118476,0CF00400,FFFFFFF834FFFFFF,Q
$TX,4048,118496,0CF00400,FFFFFFD435FFFFFF,Q
$TX,4049,118516,0CF00400,FFFFFFB036FFFFFF,Q
$TX,4050,118536,0CF00400,FFFFFF8C37FFFFFF,Q
$TX,4051,118556,0CF00400,FFFFFF6838FFFFFF,Q
$TX,4052,118576,0CF00400,FFFFFF4339FFFFFF,Q
$TX,4053,118596,0CF00400,FFFFFF1F3AFFFFFF,Q
$TX,4054,118616,0CF00400,FFFFFFFA3AFFFFFF,Q
$TX,4055,118636,0CF00400,FFFFFFD63BFFFFFF,Q
$TX,4056,118656,0CF00400,FFFFFFB03CFFFFFF,Q
$TX,4057,118676,0CF00400,FFFFFF8B3DFFFFFF,Q
$TX,4058,118696,0CF00400,FFFFFF653EFFFFFF,Q
$TX,4059,118716,0CF00400,FFFFFF3E3FFFFFFF,Q
$TX,4060,118736,0CF00400,FFFFFF1740FFFFFF,Q
$TX,4061,118756,0CF00400,FFFFFFEF40FFFFFF,Q
$TX,4062,118776,0CF00400,FFFFFFC741FFFFFF,Q
$TX,4063,118796,0CF00400,FFFFFF9E42FFFFFF,Q
$TX,4064,118816,0CF00400,FFFFFF7443FFFFFF,Q
$TX,4065,118836,0CF00400,FFFFFF4A44FFFFFF,Q
$TX,4066,118856,0CF00400,FFFFFF1E45FFFFFF,Q
$TX,4067,118876,0CF00400,FFFFFFF245FFFFFF,Q
$TX,4068,118896,0CF00400,FFFFFFC546FFFFFF,Q
$TX,4069,118916,0CF00400,FFFFFF9647FFFFFF,Q
$TX,4070,118936,0CF00400,FFFFFF6748FFFFFF,Q
$TX,4071,118956,0CF00400,FFFFFF3649FFFFFF,Q
$TX,4072,118976,0CF00400,FFFFFF054AFFFFFF,Q
$TX,4073,118996,0CF00400,FFFFFFD24AFFFFFF,Q
$TX,4074,119016,0CF00400,FFFFFF9E4BFFFFFF,Q
$TX,4075,119036,0CF00400,FFFFFF684CFFFFFF,Q
$TX,4076,119056,0CF00400,FFFFFF314DFFFFFF,Q
$TX,4077,119076,0CF00400,FFFFFFF94DFFFFFF,Q
$TX,4078,119096,0CF00400,FFFFFFBF4EFFFFFF,Q
$TX,4079,119116,0CF00400,FFFFFF844FFFFFFF,Q
$6X,4080,119136,0CF00400,FFFFFF4750FFFFFF,Q
$TX,4081,119156,0CF00400,FFFFFF0951FFFFFF,Q
$TX,4082,119176,0CF00400,FFFFFFC851FFFFFF,Q
$TX,4083,119196,0CF00400,FFFFFF8752FFFFFF,Q
$TX,4084,119216,0CF00400,FFFFFF4353FFFFFF,Q
$TX,4085,119236,0CF00400,FFFFFFFE53FFFFFF,Q
$TX,4086,119256,0CF00400,FFFFFFB654FFFFFF,Q
$TX,4087,119276,0CF00400,FFFFFF6D55FFFFFF,Q
$TX,4088,119296,0CF00400,FFFFFF2256FFFFFF,Q
$TX,4089,119316,0CF00400,FFFFFFD556FFFFFF,Q
$TX,4090,119336,0CF00400,FFFFFF8657FFFFFF,Q
$TX,4091,119356,0CF00400,FFFFFF3558FFFFFF,Q
$TX,4092,119376,0CF00400,FFFFFFE158FFFFFF,Q
$TX,4093,119396,0CF00400,FFFFFF8C59FFFFFF,Q
$TX,4094,119416,0CF00400,FFFFFF345AFFFFFF,Q
$TX,4095,119436,0CF00400,FFFFFFDA5AFFFFFF,Q
$TX,4096,119456,0CF00400,FFFFFF7E5BFFFFFF,Q
$TX,4097,119476,0CF00400,FFFFFF205CFFFFFF,Q
$TX,4098,119496,0CF00400,FFFFFFBF5CFFFFFF,Q
$TX,4099,119516,0CF00400,FFFFFF5B5DFFFFFF,Q
$TX,4100,119536,0CF00400,FFFFFFF65DFFFFFF,Q
$TX,4101,119556,0CF00400,FFFFFF8E5EFFFFFF,Q
$TX,4102,119576,0CF00400,FFFFFF235FFFFFFF,Q
$TX,4103,119596,0CF00400,FFFFFFB65FFFFFFF,Q
$TX,4104,119616,0CF00400,FFFFFF4660FFFFFF,Q
$1X,4105,119636,0CF00400,FFFFFFD360FFFFFF,Q
$TX,4106,119656,0CF00400,FFFFFF5E61FFFFFF,Q
$TX,4107,119676,0CF00400,FFFFFFE661FFFFFF,Q
$TX,4108,119696,0CF00400,FFFFFF6C62FFFFFF,Q
$TX,4109,119716,0CF00400,FFFFFFEE62FFFFFF,Q
$TX,4110,119736,0CF00400,FFFFFF6E63FFFFFF,Q
$TX,4111,119756,0CF00400,FFFFFFEB63FFFFFF,Q
$3X,4112,119776,0CF00400,FFFFFF6564FFFFFF,Q
$TX,4113,119796,0CF00400,FFFFFFDD64FFFFFF,Q
$TX,4114,119816,0CF00400,FFFFFF5165FFFFFF,Q
$TX,4115,119836,0CF00400,FFFFFFC265FFFFFF,Q
$TX,4116,119856,0CF00400,FFFFFF3166FFFFFF,Q
$TX,4117,119876,0CF00400,FFFFFF9C66FFFFFF,Q
$TX,4118,119896,0CF00400,FFFFFF0567FFFFFF,Q
$TX,4119,119916,0CF00400,FFFFFF6A67FFFFFF,Q
$TX,4120,119936,0CF00400,FFFFFFCC67FFFFFF,Q
$TX,4121,119956,0CF00400,FFFFFF2C68FFFFFF,Q
$TX,4122,119976,0CF00400,FFFFFF8868FFFFFF,Q
$TX,4123,119996,0CF00400,FFFFFFE168FFFFFF,Q
$TX,4124,120016,0CF00400,FFFFFF3669FFFFFF,Q
$TX,4125,120036,0CF00400,FFFFFF8969FFFFFF,Q
$TX,4126,120056,0CF00400,FFFFFFD869FFFFFF,Q
$TX,4127,120076,0CF00400,FFFFFF246AFFFFFF,Q
$TX,4128,120096,0CF00400,FFFFFF6D6AFFFFFF,Q
$TX,4129,120116,0CF00400,FFFFFFB36AFFFFFF,Q
$TX,4130,120136,0CF00400,FFFFFFF56AFFFFFF,Q
$TX,4131,120156,0CF00400,FFFFFF346BFFFFFF,Q
$TX,4132,120176,0CF00400,FFFFFF706BFFFFFF,Q
$TX,4133,120196,0CF00400,FFFFFFA86BFFFFFF,Q
$TX,4134,120216,0CF00400,FFFFFFDD6BFFFFFF,Q
$TX,4135,120236,0CF00400,FFFFFF0F6CFFFFFF,Q
$TX,4136,120256,0CF00400,FFFFFF3D6CFFFFFF,Q
$TX,4137,120276,0CF00400,FFFFFF686CFFFFFF,Q
$TX,4138,120296,0CF00400,FFFFFF906CFFFFFF,Q
$TX,4139,120316,0CF00400,FFFFFFB46CFFFFFF,Q
$TX,4140,120336,0CF00400,FFFFFFD46CFFFFFF,Q
$TX,4141,120356,0CF00400,FFFFFFF26CFFFFFF,Q
$TX,4142,120376,0CF00400,FFFFFF0B6DFFFFFF,Q
$TX,4143,120396,0CF00400,FFFFFF226DFFFFFF,Q
$TX,4144,120416,0CF00400,FFFFFF356DFFFFFF,Q
$TX,4145,120436,0CF00400,FFFFFF446DFFFFFF,Q
$TX,4146,120456,0CF00400,FFFFFF506DFFFFFF,Q
$TX,4147,120476,0CF00400,FFFFFF596DFFFFFF,Q
$TX,4148,120496,0CF00400,FFFFFF5E6DFFFFFF,Q
$TX,4149,120516,0CF00400,FFFFFF606DFFFFFF,Q
$TX,4150,120536,0CF00400,FFFFFF5E6DFFFFFF,Q
$TX,4151,120556,0CF00400,FFFFFF596DFFFFFF,Q
$TX,4152,120576,0CF00400,FFFFFF506DFFFFFF,Q
$TX,4153,120596,0CF00400,FFFFFF446DFFFFFF,Q
$TX,4154,120616,0CF00400,FFFFFF356DFFFFFF,Q
$TX,4155,120636,0CF00400,FFFFFF226DFFFFFF,Q
$TX,4156,120656,0CF00400,FFFFFF0B6DFFFFFF,Q
$TX,4157,120676,0CF00400,FFFFFFF26CFFFFFF,Q
$TX,4158,120696,0CF00400,FFFFFFD46CFFFFFF,Q
$TX,4159,120716,0CF00400,FFFFFFB46CFFFFFF,Q
$TX,4160,120736,0CF00400,FFFFFF906CFFFFFF,Q
$TX,4161,120756,0CF00400,FFFFFF686CFFFFFF,Q
$TX,4162,120776,0CF00400,FFFFFF3D6CFFFFFF,Q
$TX,4163,120796,0CF00400,FFFFFF0F6CFFFFFF,Q
$TX,4164,120816,0CF00400,FFFFFFDD6BFFFFFF,Q
$TX,4165,120836,0CF00400,FFFFFFA86BFFFFFF,Q
$TX,4166,120856,0CF00400,FFFFFF706BFFFFFF,Q
$TX,4167,120876,0CF00400,FFFFFF346BFFFFFF,Q
$TX,4168,120896,0CF00400,FFFFFFF56AFFFFFF,Q
$TX,4169,120916,0CF00400,FFFFFFB36AFFFFFF,Q
$TX,4170,120936,0CF00400,FFFFFF6D6AFFFFFF,Q
$TX,4171,120956,0CF00400,FFFFFF246AFFFFFF,Q
$TX,4172,120976,0CF00400,FFFFFFD869FFFFFF,Q
$TX,4173,120996,0CF00400,FFFFFF8969FFFFFF,Q
$TX,4174,121016,0CF00400,FFFFFF3669FFFFFF,Q
$TX,4175,121036,0CF00400,FFFFFFE168FFFFFF,Q
$TX,4176,121056,0CF00400,FFFFFF8868FFFFFF,Q
$TX,4177,121076,0CF00400,FFFFFF2C68FFFFFF,Q
$TX,4178,121096,0CF00400,FFFFFFCC67FFFFFF,Q
$TX,4179,121116,0CF00400,FFFFFF6A67FFFFFF,Q
$TX,4180,121136,0CF00400,FFFFFF0567FFFFFF,Q
$TX,4181,121156,0CF00400,FFFFFF9C66FFFFFF,Q
$TX,4182,121176,0CF00400,FFFFFF3166FFFFFF,Q
$TX,4183,121196,0CF00400,FFFFFFC265FFFFFF,Q
$TX,4184,121216,0CF00400,FFFFFF5165FFFFFF,Q
$TX,4185,121236,0CF00400,FFFFFFDD64FFFFFF,Q
$TX,4186,121256,0CF00400,FFFFFF6564FFFFFF,Q
$TX,4187,121276,0CF00400,FFFFFFEB63FFFFFF,Q
$TX,4188,121296,0CF00400,FFFFFF6E63FFFFFF,Q
$TX,4189,121316,0CF00400,FFFFFFEE62FFFFFF,Q
$TX,4190,121336,0CF00400,FFFFFF6C62FFFFFF,Q
$TX,4191,121356,0CF00400,FFFFFFE661FFFFFF,Q
$TX,4192,121376,0CF00400,FFFFFF5E61FFFFFF,Q
$TX,4193,121396,0CF00400,FFFFFFD360FFFFFF,Q
$TX,4194,121416,0CF00400,FFFFFF4660FFFFFF,Q
$TX,4195,121436,0CF00400,FFFFFFB65FFFFFFF,Q
$TX,4196,121456,0CF00400,FFFFFF235FFFFFFF,Q
$TX,4197,121476,0CF00400,FFFFFF8E5EFFFFFF,Q
$TX,4198,121496,0CF00400,FFFFFFF65DFFFFFF,Q
$TX,4199,121516,0CF00400,FFFFFF5B5DFFFFFF,Q
$TX,4200,121536,0CF00400,FFFFFFBF5CFFFFFF,Q
$TX,4201,121556,0CF00400,FFFFFF205CFFFFFF,Q
$TX,4202,121576,0CF00400,FFFFFF7E5BFFFFFF,Q
$TX,4203,121596,0CF00400,FFFFFFDA5AFFFFFF,Q
$TX,4204,121616,0CF00400,FFFFFF345AFFFFFF,Q
$TX,4205,121636,0CF00400,FFFFFF8C59FFFFFF,Q
$TX,4206,121656,0CF00400,FFFFFFE158FFFFFF,Q
$TX,4207,121676,0CF00400,FFFFFF3558FFFFFF,Q
$TX,4208,121696,0CF00400,FFFFFF8657FFFFFF,Q
$TX,4209,121716,0CF00400,FFFFFFD556FFFFFF,Q
$TX,4210,121736,0CF00400,FFFFFF2256FFFFFF,Q
$TX,4211,121756,0CF00400,FFFFFF6D55FFFFFF,Q
$TX,4212,121776,0CF00400,FFFFFFB654FFFFFF,Q
$TX,4213,121796,0CF00400,FFFFFFFE53FFFFFF,Q
$TX,4214,121816,0CF00400,FFFFFF4353FFFFFF,Q
$TX,4215,121836,0CF00400,FFFFFF8752FFFFFF,Q
$TX,4216,121856,0CF00400,FFFFFFC851FFFFFF,Q
$TX,4217,121876,0CF00400,FFFFFF0951FFFFFF,Q
$TX,4218,121896,0CF00400,FFFFFF4750FFFFFF,Q
$TX,4219,121916,0CF00400,FFFFFF844FFFFFFF,Q
$TX,4220,121936,0CF00400,FFFFFFBF4EFFFFFF,Q
$TX,4221,121956,0CF00400,FFFFFFF94DFFFFFF,Q
$TX,4222,121976,0CF00400,FFFFFF314DFFFFFF,Q
$TX,4223,121996,0CF00400,FFFFFF684CFFFFFF,Q
$TX,4224,122016,0CF00400,FFFFFF9E4BFFFFFF,Q
$TX,4225,122036,0CF00400,FFFFFFD24AFFFFFF,Q
$TX,4226,122056,0CF00400,FFFFFF054AFFFFFF,Q
$TX,4227,122076,0CF00400,FFFFFF3649FFFFFF,Q
$TX,4228,122096,0CF00400,FFFFFF6748FFFFFF,Q
$TX,4229,122116,0CF00400,FFFFFF9647FFFFFF,Q
$TX,4230,122136,0CF00400,FFFFFFC546FFFFFF,Q
$TX,4231,122156,0CF00400,FFFFFFF245FFFFFF,Q
$TX,4232,122176,0CF00400,FFFFFF1E45FFFFFF,Q
$TX,4233,122196,0CF00400,FFFFFF4A44FFFFFF,Q
$TX,4234,122216,0CF00400,FFFFFF7443FFFFFF,Q
$TX,4235,122236,0CF00400,FFFFFF9E42FFFFFF,Q
$TX,4236,122256,0CF00400,FFFFFFC741FFFFFF,Q
$TX,4237,122276,0CF00400,FFFFFFEF40FFFFFF,Q
$TX,4238,122296,0CF00400,FFFFFF1740FFFFFF,Q
$TX,4239,122316,0CF00400,FFFFFF3E3FFFFFFF,Q
$TX,4240,122336,0CF00400,FFFFFF653EFFFFFF,Q
$TX,4241,122356,0CF00400,FFFFFF8B3DFFFFFF,Q
$TX,4242,122376,0CF00400,FFFFFFB03CFFFFFF,Q
$TX,4243,122396,0CF00400,FFFFFFD63BFFFFFF,Q
$TX,4244,122416,0CF00400,FFFFFFFA3AFFFFFF,Q
$TX,4245,122436,0CF00400,FFFFFF1F3AFFFFFF,Q
$TX,4246,122456,0CF00400,FFFFFF4339FFFFFF,Q
$TX,4247,122476,0CF00400,FFFFFF6838FFFFFF,Q
$TX,4248,122496,0CF00400,FFFFFF8C37FFFFFF,Q
$TX,4249,122516,0CF00400,FFFFFFB036FFFFFF,Q
$0X,4250,122536,0CF00400,FFFFFFD435FFFFFF,Q
$TX,4251,122556,0CF00400,FFFFFFF834FFFFFF,Q
$TX,4252,122576,0CF00400,FFFFFF1D34FFFFFF,Q
$TX,4253,122596,0CF00400,FFFFFF4133FFFFFF,Q
$TX,4254,122616,0CF00400,FFFFFF6632FFFFFF,Q
$TX,4255,122636,0CF00400,FFFFFF8A31FFFFFF,Q
$TX,4256,122656,0CF00400,FFFFFFB030FFFFFF,Q
$TX,4257,122676,0CF00400,FFFFFFD52FFFFFFF,Q
$TX,4258,122696,0CF00400,FFFFFFFB2EFFFFFF,Q
$TX,4259,122716,0CF00400,FFFFFF222EFFFFFF,Q
$TX,4260,122736,0CF00400,FFFFFF492DFFFFFF,Q
$TX,4261,122756,0CF00400,FFFFFF712CFFFFFF,Q
$TX,4262,122776,0CF00400,FFFFFF992BFFFFFF,Q
$TX,4263,122796,0CF00400,FFFFFFC22AFFFFFF,Q
$TX,4264,122816,0CF00400,FFFFFFEC29FFFFFF,Q
$TX,4265,122836,0CF00400,FFFFFF1629FFFFFF,Q
$TX,4266,122856,0CF00400,FFFFFF4228FFFFFF,Q
$TX,4267,122876,0CF00400,FFFFFF6E27FFFFFF,Q
$TX,4268,122896,0CF00400,FFFFFF9B26FFFFFF,Q
$TX,4269,122916,0CF00400,FFFFFFCA25FFFFFF,Q
$TX,4270,122936,0CF00400,FFFFFFF924FFFFFF,Q
$TX,4271,122956,0CF00400,FFFFFF2A24FFFFFF,Q
$TX,4272,122976,0CF00400,FFFFFF5B23FFFFFF,Q
$TX,4273,122996,0CF00400,FFFFFF8E22FFFFFF,Q
$TX,4274,123016,0CF00400,FFFFFFC221FFFFFF,Q
$TX,4275,123036,0CF00400,FFFFFFF820FFFFFF,Q
$TX,4276,123056,0CF00400,FFFFFF2F20FFFFFF,Q
$TX,4277,123076,0CF00400,FFFFFF671FFFFFFF,Q
$6X,4278,123096,0CF00400,FFFFFFA11EFFFFFF,Q
$TX,4279,123116,0CF00400,FFFFFFDC1DFFFFFF,Q
$TX,4280,123136,0CF00400,FFFFFF191DFFFFFF,Q
$TX,4281,123156,0CF00400,FFFFFF571CFFFFFF,Q
$TX,4282,123176,0CF00400,FFFFFF981BFFFFFF,Q
$TX,4283,123196,0CF00400,FFFFFFD91AFFFFFF,Q
$TX,4284,123216,0CF00400,FFFFFF1D1AFFFFFF,Q
$TX,4285,123236,0CF00400,FFFFFF6219FFFFFF,Q
$TX,4286,123256,0CF00400,FFFFFFAA18FFFFFF,Q
$TX,4287,123276,0CF00400,FFFFFFF317FFFFFF,Q
$TX,4288,123296,0CF00400,FFFFFF3E17FFFFFF,Q
$TX,4289,123316,0CF00400,FFFFFF8B16FFFFFF,Q
$TX,4290,123336,0CF00400,FFFFFFDA15FFFFFF,Q
$TX,4291,123356,0CF00400,FFFFFF2B15FFFFFF,Q
$TX,4292,123376,0CF00400,FFFFFF7F14FFFFFF,Q
$TX,4293,123396,0CF00400,FFFFFFD413FFFFFF,Q
$TX,4294,123416,0CF00400,FFFFFF2C13FFFFFF,Q
$TX,4295,123436,0CF00400,FFFFFF8612FFFFFF,Q
$TX,4296,123456,0CF00400,FFFFFFE211FFFFFF,Q
$TX,4297,123476,0CF00400,FFFFFF4011FFFFFF,Q
$TX,4298,123496,0CF00400,FFFFFFA110FFFFFF,Q
$TX,4299,123516,0CF00400,FFFFFF0510FFFFFF,Q
$TX,4300,123536,0CF00400,FFFFFF6A0FFFFFFF,Q
$TX,4301,123556,0CF00400,FFFFFFD20EFFFFFF,Q
$TX,4302,123576,0CF00400,FFFFFF3D0EFFFFFF,Q
$TX,4303,123596,0CF00400,FFFFFFAA0DFFFFFF,Q
$TX,4304,123616,0CF00400,FFFFFF1A0DFFFFFF,Q
$TX,4305,123636,0CF00400,FFFFFF8D0CFFFFFF,Q
$TX,4306,123656,0CF00400,FFFFFF020CFFFFFF,Q
$TX,4307,123676,0CF00400,FFFFFF7A0BFFFFFF,Q
$TX,4308,123696,0CF00400,FFFFFFF40AFFFFFF,Q
$TX,4309,123716,0CF00400,FFFFFF720AFFFFFF,Q
$TX,4310,123736,0CF00400,FFFFFFF209FFFFFF,Q
$TX,4311,123756,0CF00400,FFFFFF7509FFFFFF,Q
$TX,4312,123776,0CF00400,FFFFFFFB08FFFFFF,Q
$TX,4313,123796,0CF00400,FFFFFF8308FFFFFF,Q
$TX,4314,123816,0CF00400,FFFFFF0F08FFFFFF,Q
$TX,4315,123836,0CF00400,FFFFFF9E07FFFFFF,Q
$TX,4316,123856,0CF00400,FFFFFF2F07FFFFFF,Q
$TX,4317,123876,0CF00400,FFFFFFC406FFFFFF,Q
$TX,4318,123896,0CF00400,FFFFFF5B06FFFFFF,Q
$TX,4319,123916,0CF00400,FFFFFFF605FFFFFF,Q
$TX,4320,123936,0CF00400,FFFFFF9405FFFFFF,Q
$TX,4321,123956,0CF00400,FFFFFF3405FFFFFF,Q
$TX,4322,123976,0CF00400,FFFFFFD804FFFFFF,Q
$TX,4323,123996,0CF00400,FFFFFF7F04FFFFFF,Q
$TX,4324,124016,0CF00400,FFFFFF2A04FFFFFF,Q
$TX,4325,124036,0CF00400,FFFFFFD703FFFFFF,Q
$TX,4326,124056,0CF00400,FFFFFF8803FFFFFF,Q
$TX,4327,124076,0CF00400,FFFFFF3C03FFFFFF,Q
$TX,4328,124096,0CF00400,FFFFFFF302FFFFFF,Q
$TX,4329,124116,0CF00400,FFFFFFAD02FFFFFF,Q
$TX,4330,124136,0CF00400,FFFFFF6B02FFFFFF,Q
$TX,4331,124156,0CF00400,FFFFFF2C02FFFFFF,Q
$TX,4332,124176,0CF00400,FFFFFFF001FFFFFF,Q
$TX,4333,124196,0CF00400,FFFFFFB801FFFFFF,Q
$TX,4334,124216,0CF00400,FFFFFF8301FFFFFF,Q
$TX,4335,124236,0CF00400,FFFFFF5101FFFFFF,Q
$TX,4336,124256,0CF00400,FFFFFF2301FFFFFF,Q
$TX,4337,124276,0CF00400,FFFFFFF800FFFFFF,Q
$TX,4338,124296,0CF00400,FFFFFFD000FFFFFF,Q
$TX,4339,124316,0CF00400,FFFFFFAC00FFFFFF,Q
$TX,4340,124336,0CF00400,FFFFFF8C00FFFFFF,Q
$TX,4341,124356,0CF00400,FFFFFF6E00FFFFFF,Q
$TX,4342,124376,0CF00400,FFFFFF5500FFFFFF,Q
$TX,4343,124396,0CF00400,FFFFFF3E00FFFFFF,Q
$TX,4344,124416,0CF00400,FFFFFF2B00FFFFFF,Q
$TX,4345,124436,0CF00400,FFFFFF1C00FFFFFF,Q
$TX,4346,124456,0CF00400,FFFFFF1000FFFFFF,Q
$TX,4347,124476,0CF00400,FFFFFF0700FFFFFF,Q
$TX,4348,124496,0CF00400,FFFFFF0200FFFFFF,Q
$TX,4349,124516,0CF00400,FFFFFF0000FFFFFF,Q
$TX,4350,124536,0CF00400,FFFFFF0200FFFFFF,Q
$TX,4351,124556,0CF00400,FFFFFF0700FFFFFF,Q
$TX,4352,124576,0CF00400,FFFFFF1000FFFFFF,Q
$TX,4353,124596,0CF00400,FFFFFF1C00FFFFFF,Q
$TX,4354,124616,0CF00400,FFFFFF2B00FFFFFF,Q
$TX,4355,124636,0CF00400,FFFFFF3E00FFFFFF,Q
$TX,4356,124656,0CF00400,FFFFFF5500FFFFFF,Q
$TX,4357,124676,0CF00400,FFFFFF6E00FFFFFF,Q
$TX,4358,124696,0CF00400,FFFFFF8C00FFFFFF,Q
$TX,4359,124716,0CF00400,FFFFFFAC00FFFFFF,Q
$TX,4360,124736,0CF00400,FFFFFFD000FFFFFF,Q
$TX,4361,124756,0CF00400,FFFFFFF800FFFFFF,Q
$TX,4362,124776,0CF00400,FFFFFF2301FFFFFF,Q
$TX,4363,124796,0CF00400,FFFFFF5101FFFFFF,Q
$TX,4364,124816,0CF00400,FFFFFF8301FFFFFF,Q
$TX,4365,124836,0CF00400,FFFFFFB801FFFFFF,Q
$TX,4366,124856,0CF00400,FFFFFFF001FFFFFF,Q
$TX,4367,124876,0CF00400,FFFFFF2C02FFFFFF,Q
$TX,4368,124896,0CF00400,FFFFFF6B02FFFFFF,Q
$TX,4369,124916,0CF00400,FFFFFFAD02FFFFFF,Q
$TX,4370,124936,0CF00400,FFFFFFF302FFFFFF,Q
$TX,4371,124956,0CF00400,FFFFFF3C03FFFFFF,Q
$TX,4372,124976,0CF00400,FFFFFF8803FFFFFF,Q
$TX,4373,124996,0CF00400,FFFFFFD703FFFFFF,Q
$TX,4374,125016,0CF00400,FFFFFF2A04FFFFFF,Q
$TX,4375,125036,0CF00400,FFFFFF7F04FFFFFF,Q
$TX,4376,125056,0CF00400,FFFFFFD804FFFFFF,Q
$TX,4377,125076,0CF00400,FFFFFF3405FFFFFF,Q
$TX,4378,125096,0CF00400,FFFFFF9405FFFFFF,Q
$TX,4379,125116,0CF00400,FFFFFFF605FFFFFF,Q
$TX,4380,125136,0CF00400,FFFFFF5B06FFFFFF,Q
$TX,4381,125156,0CF00400,FFFFFFC406FFFFFF,Q
$TX,4382,125176,0CF00400,FFFFFF2F07FFFFFF,Q
$TX,4383,125196,0CF00400,FFFFFF9E07FFFFFF,Q
$TX,4384,125216,0CF00400,FFFFFF0F08FFFFFF,Q
$TX,4385,125236,0CF00400,FFFFFF8308FFFFFF,Q
$TX,4386,125256,0CF00400,FFFFFFFB08FFFFFF,Q
$TX,4387,125276,0CF00400,FFFFFF7509FFFFFF,Q
$TX,4388,125296,0CF00400,FFFFFFF209FFFFFF,Q
$TX,4389,125316,0CF00400,FFFFFF720AFFFFFF,Q
$TX,4390,125336,0CF00400,FFFFFFF40AFFFFFF,Q
$TX,4391,125356,0CF00400,FFFFFF7A0BFFFFFF,Q
$TX,4392,125376,0CF00400,FFFFFF020CFFFFFF,Q
$TX,4393,125396,0CF00400,FFFFFF8D0CFFFFFF,Q
$TX,4394,125416,0CF00400,FFFFFF1A0DFFFFFF,Q
$TX,4395,125436,0CF00400,FFFFFFAA0DFFFFFF,Q
$TX,4396,125456,0CF00400,FFFFFF3D0EFFFFFF,Q
$TX,4397,125476,0CF00400,FFFFFFD20EFFFFFF,Q
$TX,4398,125496,0CF00400,FFFFFF6A0FFFFFFF,Q
$TX,4399,125516,0CF00400,FFFFFF0510FFFFFF,Q
$TX,4400,125536,0CF00400,FFFFFFA110FFFFFF,Q
$TX,4401,125556,0CF00400,FFFFFF4011FFFFFF,Q
$TX,4402,125576,0CF00400,FFFFFFE211FFFFFF,Q
$TX,4403,125596,0CF00400,FFFFFF8612FFFFFF,Q
$TX,4404,125616,0CF00400,FFFFFF2C13FFFFFF,Q
$TX,4405,125636,0CF00400,FFFFFFD413FFFFFF,Q
$TX,4406,125656,0CF00400,FFFFFF7F14FFFFFF,Q
$TX,4407,125676,0CF00400,FFFFFF2B15FFFFFF,Q
$TX,4408,125696,0CF00400,FFFFFFDA15FFFFFF,Q
$TX,4409,125716,0CF00400,FFFFFF8B16FFFFFF,Q
$TX,4410,125736,0CF00400,FFFFFF3E17FFFFFF,Q
$TX,4411,125756,0CF00400,FFFFFFF317FFFFFF,Q
$TX,4412,125776,0CF00400,FFFFFFAA18FFFFFF,Q
$TX,4413,125796,0CF00400,FFFFFF6219FFFFFF,Q
$TX,4414,125816,0CF00400,FFFFFF1D1AFFFFFF,Q
$TX,4415,125836,0CF00400,FFFFFFD91AFFFFFF,Q
$TX,4416,125856,0CF00400,FFFFFF981BFFFFFF,Q
$TX,4417,125876,0CF00400,FFFFFF571CFFFFFF,Q
$TX,4418,125896,0CF00400,FFFFFF191DFFFFFF,Q
$TX,4419,125916,0CF00400,FFFFFFDC1DFFFFFF,Q
$TX,4420,125936,0CF00400,FFFFFFA11EFFFFFF,Q
$TX,4421,125956,0CF00400,FFFFFF671FFFFFFF,Q
$TX,4422,125976,0CF00400,FFFFFF2F20FFFFFF,Q
$TX,4423,125996,0CF00400,FFFFFFF820FFFFFF,Q
$TX,4424,126016,0CF00400,FFFFFFC221FFFFFF,Q
$TX,4425,126036,0CF00400,FFFFFF8E22FFFFFF,Q
$TX,4426,126056,0CF00400,FFFFFF5B23FFFFFF,Q
$TX,4427,126076,0CF00400,FFFFFF2A24FFFFFF,Q
$TX,4428,126096,0CF00400,FFFFFFF924FFFFFF,Q
$TX,4429,126116,0CF00400,FFFFFFCA25FFFFFF,Q
$TX,4430,126136,0CF00400,FFFFFF9B26FFFFFF,Q
$TX,4431,126156,0CF00400,FFFFFF6E27FFFFFF,Q
$TX,4432,126176,0CF00400,FFFFFF4228FFFFFF,Q
$TX,4433,126196,0CF00400,FFFFFF1629FFFFFF,Q
$TX,4434,126216,0CF00400,FFFFFFEC29FFFFFF,Q
$TX,4435,126236,0CF00400,FFFFFFC22AFFFFFF,Q
$TX,4436,126256,0CF00400,FFFFFF992BFFFFFF,Q
$TX,4437,126276,0CF00400,FFFFFF712CFFFFFF,Q
$TX,4438,126296,0CF00400,FFFFFF492DFFFFFF,Q
$TX,4439,126316,0CF00400,FFFFFF222EFFFFFF,Q
$TX,4440,126336,0CF00400,FFFFFFFB2EFFFFFF,Q
$TX,4441,126356,0CF00400,FFFFFFD52FFFFFFF,Q
$TX,4442,126376,0CF00400,FFFFFFB030FFFFFF,Q
$TX,4443,126396,0CF00400,FFFFFF8A31FFFFFF,Q
$TX,4444,126416,0CF00400,FFFFFF6632FFFFFF,Q
$TX,4445,126436,0CF00400,FFFFFF4133FFFFFF,Q
$TX,4446,126456,0CF00400,FFFFFF1D34FFFFFF,Q
$TX,4447,126476,0CF00400,FFFFFFF834FFFFFF,Q
$TX,4448,126496,0CF00400,FFFFFFD435FFFFFF,Q
$TX,4449,126516,0CF00400,FFFFFFB036FFFFFF,Q
$TX,4450,126536,0CF00400,FFFFFF8C37FFFFFF,Q
$TX,4451,126556,0CF00400,FFFFFF6838FFFFFF,Q
$TX,4452,126576,0CF00400,FFFFFF4339FFFFFF,Q
$TX,4453,126596,0CF00400,FFFFFF1F3AFFFFFF,Q
$TX,4454,126616,0CF00400,FFFFFFFA3AFFFFFF,Q
$TX,4455,126636,0CF00400,FFFFFFD63BFFFFFF,Q
$TX,4456,126656,0CF00400,FFFFFFB03CFFFFFF,Q
$2X,4457,126676,0CF00400,FFFFFF8B3DFFFFFF,Q
$TX,4458,126696,0CF00400,FFFFFF653EFFFFFF,Q
$TX,4459,126716,0CF00400,FFFFFF3E3FFFFFFF,Q
$TX,4460,126736,0CF00400,FFFFFF1740FFFFFF,Q
$TX,4461,126756,0CF00400,FFFFFFEF40FFFFFF,Q
$TX,4462,126776,0CF00400,FFFFFFC741FFFFFF,Q
$TX,4463,126796,0CF00400,FFFFFF9E42FFFFFF,Q
$TX,4464,126816,0CF00400,FFFFFF7443FFFFFF,Q
$TX,4465,126836,0CF00400,FFFFFF4A44FFFFFF,Q
$TX,4466,126856,0CF00400,FFFFFF1E45FFFFFF,Q
$TX,4467,126876,0CF00400,FFFFFFF245FFFFFF,Q
$TX,4468,126896,0CF00400,FFFFFFC546FFFFFF,Q
$TX,4469,126916,0CF00400,FFFFFF9647FFFFFF,Q
$TX,4470,126936,0CF00400,FFFFFF6748FFFFFF,Q
$TX,4471,126956,0CF00400,FFFFFF3649FFFFFF,Q
$TX,4472,126976,0CF00400,FFFFFF054AFFFFFF,Q
$TX,4473,126996,0CF00400,FFFFFFD24AFFFFFF,Q
$TX,4474,127016,0CF00400,FFFFFF9E4BFFFFFF,Q
$TX,4475,127036,0CF00400,FFFFFF684CFFFFFF,Q
$TX,4476,127056,0CF00400,FFFFFF314DFFFFFF,Q
$TX,4477,127076,0CF00400,FFFFFFF94DFFFFFF,Q
$TX,4478,127096,0CF00400,FFFFFFBF4EFFFFFF,Q
$TX,4479,127116,0CF00400,FFFFFF844FFFFFFF,Q
$TX,4480,127136,0CF00400,FFFFFF4750FFFFFF,Q
$TX,4481,127156,0CF00400,FFFFFF0951FFFFFF,Q
$TX,4482,127176,0CF00400,FFFFFFC851FFFFFF,Q
$TX,4483,127196,0CF00400,FFFFFF8752FFFFFF,Q
$TX,4484,127216,0CF00400,FFFFFF4353FFFFFF,Q
$TX,4485,127236,0CF00400,FFFFFFFE53FFFFFF,Q
$TX,4486,127256,0CF00400,FFFFFFB654FFFFFF,Q
$TX,4487,127276,0CF00400,FFFFFF6D55FFFFFF,Q
$TX,4488,127296,0CF00400,FFFFFF2256FFFFFF,Q
$TX,4489,127316,0CF00400,FFFFFFD556FFFFFF,Q
$TX,4490,127336,0CF00400,FFFFFF8657FFFFFF,Q
$TX,4491,127356,0CF00400,FFFFFF3558FFFFFF,Q
$TX,4492,127376,0CF00400,FFFFFFE158FFFFFF,Q
$TX,4493,127396,0CF00400,FFFFFF8C59FFFFFF,Q
$TX,4494,127416,0CF00400,FFFFFF345AFFFFFF,Q
$TX,4495,127436,0CF00400,FFFFFFDA5AFFFFFF,Q
$TX,4496,127456,0CF00400,FFFFFF7E5BFFFFFF,Q
$TX,4497,127476,0CF00400,FFFFFF205CFFFFFF,Q
$TX,4498,127496,0CF00400,FFFFFFBF5CFFFFFF,Q
$END,127516,4498

[TEST] Target test duration elapsed. Transmission completed (signals at 0).
[STATS] Total frames sent: 1499
